seed         : /home/bruno/src/homemaker-layout/examples/health-centre/init.dom
programme    : health-centre
budget       : 500000
pop          : 16
child_budget : 80
workers      : 1
rng seed     : 1
leaf sharing : True (factor=3)
superpose    : False
multi_use    : False
conn grade   : False
use tiers    : False
bridge circulation : False
ruin recreate      : False
collapse in-search : True
shapecurve warmstart : False
shapecurve prune     : False
output       : /home/bruno/src/homemaker-layout/examples/health-centre/coldstart-47c604f+orth-500000-s1.dom
[    80 evals] best 2.11104e-07 (fails 21) via construct/0
[  1760 evals] best 2.15019e-07 (fails 21) via crossover llrrl<->rlllr
[  2480 evals] best 4.20533e-07 (fails 20) via level_compound_fix noop
[  3760 evals] best 1.77539e-06 (fails 18) via undivide 0/rrrlr
[  7120 evals] best 1.7769e-06 (fails 18) via retype 0/llrrr->tr1
[  7280 evals] best 1.79188e-06 (fails 18) via level_fix noop
[  8320 evals] best 1.80216e-06 (fails 18) via crossover rllll<->rllrr
[  8400 evals] best 1.81191e-06 (fails 18) via core_divide noop
[  9440 evals] best 3.22075e-06 (fails 17) via undivide 0/llll
[  9840 evals] best 3.23899e-06 (fails 17) via core_undivide noop
[ 10160 evals] best 3.25591e-06 (fails 17) via level_retype noop
[ 13840 evals] best 3.27646e-06 (fails 17) via core_divide noop
[ 13920 evals] best 3.29144e-06 (fails 17) via level_compound_fix noop
[ 14400 evals] best 3.60307e-06 (fails 17) via core_undivide noop
[ 18320 evals] best 7.10438e-06 (fails 16) via swap 0/rrrl
[ 18560 evals] best 7.15627e-06 (fails 16) via level_retype noop
[ 19040 evals] best 7.18702e-06 (fails 16) via level_retype noop
[ 19680 evals] best 7.20679e-06 (fails 16) via core_undivide noop
[ 20160 evals] best 7.24333e-06 (fails 16) via rotate 0/rlrl
[ 21040 evals] best 7.25583e-06 (fails 16) via level_compound_fix noop
[ 21600 evals] best 7.26682e-06 (fails 16) via level_retype noop
[ 22000 evals] best 7.27657e-06 (fails 16) via level_retype noop
[ 22400 evals] best 7.28653e-06 (fails 16) via level_retype noop
[ 22560 evals] best 5.78626e-05 (fails 13) via divide 0/rllll
[ 23120 evals] best 5.79725e-05 (fails 13) via crossover lrrll<->llrrr
[ 25440 evals] best 5.79925e-05 (fails 13) via retype 0/llrlr->ph1
[ 25440 evals] checkpoint -> coldstart-47c604f+orth-500000-s1.dom.checkpoint (13 fails)
[ 26160 evals] best 5.8085e-05 (fails 13) via core_undivide noop
[ 26480 evals] best 5.82967e-05 (fails 13) via level_fix noop
[ 27920 evals] best 5.83805e-05 (fails 13) via level_compound_fix noop
[ 28000 evals] best 5.85846e-05 (fails 13) via crossover rrrrl<->lrlrr
[ 29440 evals] best 5.87748e-05 (fails 13) via core_undivide noop
[ 31040 evals] best 5.89575e-05 (fails 13) via level_fix noop
[ 31600 evals] best 5.91133e-05 (fails 13) via level_compound_fix noop
[ 31760 evals] best 5.92378e-05 (fails 13) via level_fix noop
[ 33120 evals] best 0.000117964 (fails 12) via rotate 0/lrrr
[ 34080 evals] best 0.000118376 (fails 12) via crossover rlrlr<->lrrll
[ 34240 evals] best 0.000126356 (fails 12) via crossover lrrrl<->rlrrr
[ 37760 evals] best 0.000246338 (fails 11) via level_retype noop
[ 39040 evals] best 0.000249218 (fails 11) via level_compound_fix noop
[ 39600 evals] best 0.000485543 (fails 10) via rotate 0/llll
[ 43520 evals] best 0.000491978 (fails 10) via level_compound_fix noop
[ 43680 evals] best 0.000492579 (fails 10) via level_fix noop
[ 46240 evals] best 0.00049292 (fails 10) via level_fix noop
[ 47440 evals] best 0.000493202 (fails 10) via level_retype noop
[ 48240 evals] best 0.000493627 (fails 10) via core_undivide noop
[ 48720 evals] best 0.000964681 (fails 9) via rotate 0/lrrr
[ 50960 evals] best 0.000966426 (fails 9) via level_retype noop
[ 50960 evals] checkpoint -> coldstart-47c604f+orth-500000-s1.dom.checkpoint (9 fails)
[ 52240 evals] best 0.000968248 (fails 9) via retype 0/lllrr->re1
[ 53040 evals] best 0.000969303 (fails 9) via level_compound_fix noop
[ 53840 evals] best 0.000970783 (fails 9) via retype 0/lrlrl->ao1
[ 54160 evals] best 0.000973195 (fails 9) via level_retype noop
[ 54480 evals] best 0.000974622 (fails 9) via level_fix noop
[ 56720 evals] best 0.000976342 (fails 9) via level_compound_fix noop
[ 58160 evals] best 0.000977854 (fails 9) via retype 0/rrrrl->ph1
[ 59680 evals] best 0.000978638 (fails 9) via crossover llrr<->llrl
[ 60400 evals] best 0.000978716 (fails 9) via level_compound_fix noop
[ 62160 evals] best 0.00097872 (fails 9) via core_divide noop
[ 63200 evals] best 0.00182791 (fails 8) via swap 0/lrrl
[ 63600 evals] best 0.0018995 (fails 8) via retype 0/rrrrr->mo1
[ 67920 evals] best 0.0018995 (fails 8) via swap 0/rrr
[ 75360 evals] best 0.00403607 (fails 7) via rotate 0/lrlr
[ 76800 evals] best 0.00776561 (fails 6) via core_divide noop
[ 76800 evals] checkpoint -> coldstart-47c604f+orth-500000-s1.dom.checkpoint (6 fails)
[ 79440 evals] best 0.00782054 (fails 6) via level_delete noop
[ 81680 evals] best 0.00785079 (fails 6) via core_undivide noop
[ 83520 evals] best 0.00785249 (fails 6) via core_divide noop
[ 85840 evals] best 0.00785353 (fails 6) via level_compound_fix noop
[ 87680 evals] best 0.00785431 (fails 6) via core_undivide noop
[ 87840 evals] best 0.00785434 (fails 6) via level_retype noop
[ 98240 evals] best 0.00791279 (fails 6) via swap 0/rlll
[ 99920 evals] best 0.00791282 (fails 6) via core_undivide noop
[107200 evals] best 0.00860719 (fails 6) via crossover lrrr<->rlrrr
[107200 evals] checkpoint -> coldstart-47c604f+orth-500000-s1.dom.checkpoint (6 fails)
[107680 evals] best 0.00860786 (fails 6) via core_undivide noop
[107920 evals] best 0.0086079 (fails 6) via level_retype noop
[110080 evals] best 0.00864165 (fails 6) via rotate 0/rlllr
[110880 evals] best 0.00864168 (fails 6) via crossover rrlrr<->rrrrr
[110960 evals] best 0.0086417 (fails 6) via core_undivide noop
[153920 evals] best 0.00865465 (fails 6) via crossover rlrr<->rllrl
[153920 evals] checkpoint -> coldstart-47c604f+orth-500000-s1.dom.checkpoint (6 fails)
[156960 evals] best 0.00865615 (fails 6) via level_compound_fix noop
[159040 evals] best 0.00865617 (fails 6) via core_divide noop
[176560 evals] best 0.0168135 (fails 5) via swap 0/llll
[176880 evals] best 0.0168788 (fails 5) via crossover rrllrl<->rrrrl
[177680 evals] best 0.01694 (fails 5) via level_fix noop
[178480 evals] best 0.0169945 (fails 5) via level_fix noop
[178720 evals] best 0.0170397 (fails 5) via crossover rllrr<->llrlr
[179440 evals] best 0.0170778 (fails 5) via level_compound_fix noop
[179440 evals] checkpoint -> coldstart-47c604f+orth-500000-s1.dom.checkpoint (5 fails)
[179600 evals] best 0.0171136 (fails 5) via level_retype noop
[180480 evals] best 0.0171442 (fails 5) via swap 0/rrrr
[181360 evals] best 0.0171995 (fails 5) via level_fix noop
[182480 evals] best 0.0172244 (fails 5) via crossover lrrll<->rrlrl
[183120 evals] best 0.0172442 (fails 5) via core_divide noop
[185040 evals] best 0.0172557 (fails 5) via level_retype noop
[186480 evals] best 0.017266 (fails 5) via level_compound_fix noop
[187680 evals] best 0.0172675 (fails 5) via level_delete noop
[206240 evals] best 0.0173034 (fails 5) via core_undivide noop
[206240 evals] checkpoint -> coldstart-47c604f+orth-500000-s1.dom.checkpoint (5 fails)
[209680 evals] best 0.0173264 (fails 5) via level_retype noop
[212000 evals] best 0.0173265 (fails 5) via core_divide noop
[224640 evals] best 0.0173384 (fails 5) via retype 0/lrlll->pt1
[276800 evals] best 0.0173609 (fails 5) via rotate 0/rrr
[276800 evals] checkpoint -> coldstart-47c604f+orth-500000-s1.dom.checkpoint (5 fails)
[277760 evals] best 0.0173652 (fails 5) via core_divide noop
[412161 evals] best 0.0173891 (fails 5) via rotate 0/rlrl
[412161 evals] checkpoint -> coldstart-47c604f+orth-500000-s1.dom.checkpoint (5 fails)
[412561 evals] best 0.0174027 (fails 5) via rotate 0/rrllr
[465601 evals] best 0.0174056 (fails 5) via swap 0/llr
[465601 evals] checkpoint -> coldstart-47c604f+orth-500000-s1.dom.checkpoint (5 fails)
[467441 evals] best 0.0174693 (fails 5) via core_undivide noop
[469281 evals] best 0.0175117 (fails 5) via level_retype noop

--- finishing (homemaker-py-3l6): unfold + polish 250000 evals ---
[finish] unfold: materialised 1 shared-leaf copy
[   200 evals] best 0.00053235 (fails 10) via seed
[   280 evals] best 0.000533218 (fails 10) via level_retype noop
[   600 evals] best 0.000534001 (fails 10) via level_compound_fix noop
[   680 evals] best 0.000534486 (fails 10) via level_fix noop
[   840 evals] best 0.00106135 (fails 9) via undivide 0/rrrr
[  5960 evals] best 0.00204828 (fails 8) via level_fix noop
[  7160 evals] best 0.00205775 (fails 8) via core_divide noop
[  8440 evals] best 0.00819164 (fails 6) via rotate 0/rrr
[  9560 evals] best 0.00819184 (fails 6) via level_compound_fix noop
[ 14520 evals] best 0.00819189 (fails 6) via level_fix noop
[ 36200 evals] best 0.00819205 (fails 6) via rotate 0/rlrl
[ 36840 evals] best 0.00832806 (fails 6) via level_fix noop
