seed         : /home/bruno/src/homemaker-layout/examples/health-centre/init.dom
programme    : health-centre
budget       : 500000
pop          : 16
child_budget : 80
workers      : 1
rng seed     : 1
leaf sharing : True (factor=3)
superpose    : False
multi_use    : False
conn grade   : False
use tiers    : False
bridge circulation : False
ruin recreate      : False
collapse in-search : True
shapecurve warmstart : False
shapecurve prune     : False
output       : /home/bruno/src/homemaker-layout/examples/health-centre/coldstart-500000-s1.dom
[    80 evals] best 4.87421e-08 (fails 23) via construct/0
[  1680 evals] best 9.94085e-08 (fails 22) via divide 0/rrrlr
[  1760 evals] best 2.01525e-07 (fails 21) via crossover llrrl<->lrrrr
[  3280 evals] best 2.04692e-07 (fails 21) via divide 0/rrllr
[  4880 evals] best 4.11071e-07 (fails 20) via level_fix noop
[  5440 evals] best 4.12976e-07 (fails 20) via level_retype noop
[  6880 evals] best 4.14572e-07 (fails 20) via core_divide noop
[  8000 evals] best 4.16006e-07 (fails 20) via core_undivide noop
[  8800 evals] best 4.19522e-07 (fails 20) via level_retype noop
[ 10880 evals] best 4.25384e-07 (fails 20) via crossover lrrl<->rrrl
[ 11200 evals] best 4.26559e-07 (fails 20) via crossover lllll<->rrlr
[ 11280 evals] best 4.2737e-07 (fails 20) via level_retype noop
[ 11520 evals] best 4.28752e-07 (fails 20) via swap 0/lrrl
[ 13520 evals] best 4.35797e-07 (fails 20) via core_divide noop
[ 13760 evals] best 8.03425e-07 (fails 19) via crossover llrrl<->lrlrr
[ 14000 evals] best 8.05739e-07 (fails 19) via level_compound_fix noop
[ 14240 evals] best 8.08511e-07 (fails 19) via level_retype noop
[ 14560 evals] best 8.89269e-07 (fails 19) via undivide 0/llrr
[ 15920 evals] best 3.56601e-06 (fails 17) via retype 0/rlrll->ph1
[ 19120 evals] best 5.55264e-06 (fails 16) via divide 0/rlllr
[ 19280 evals] best 7.18565e-06 (fails 16) via level_retype noop
[ 20080 evals] best 5.77844e-05 (fails 13) via crossover rllrr<->llrll
[ 20160 evals] best 5.80435e-05 (fails 13) via level_compound_fix noop
[ 20560 evals] best 5.82104e-05 (fails 13) via level_retype noop
[ 21280 evals] best 5.83403e-05 (fails 13) via level_compound_fix noop
[ 21360 evals] best 5.84685e-05 (fails 13) via level_retype noop
[ 22320 evals] best 5.85897e-05 (fails 13) via level_retype noop
[ 22800 evals] best 0.000204407 (fails 11) via divide 0/rllll
[ 27200 evals] best 0.00039918 (fails 10) via level_retype noop
[ 27200 evals] checkpoint -> coldstart-500000-s1.dom.checkpoint (10 fails)
[ 28160 evals] best 0.000400154 (fails 10) via level_compound_fix noop
[ 28800 evals] best 0.000400999 (fails 10) via core_undivide noop
[ 31840 evals] best 0.000401727 (fails 10) via level_compound_fix noop
[ 34320 evals] best 0.000402415 (fails 10) via crossover rlrlr<->lrrlr
[ 35040 evals] best 0.000857728 (fails 9) via crossover lrll<->lrl
[ 37120 evals] best 0.00166282 (fails 8) via crossover llrrr<->rllrl
[ 38000 evals] best 0.00167425 (fails 8) via level_retype noop
[ 38080 evals] best 0.00167954 (fails 8) via undivide 0/llrr
[ 38640 evals] best 0.00168457 (fails 8) via level_compound_fix noop
[ 38720 evals] best 0.00180087 (fails 8) via undivide 0/rlrl
[ 40000 evals] best 0.00182608 (fails 8) via core_undivide noop
[ 40400 evals] best 0.0135761 (fails 5) via undivide 0/rrrr
[ 42400 evals] best 0.0136283 (fails 5) via core_divide noop
[ 44320 evals] best 0.0136659 (fails 5) via level_retype noop
[ 45520 evals] best 0.0137053 (fails 5) via core_undivide noop
[ 47280 evals] best 0.013786 (fails 5) via crossover lrlrl<->rrrlr
[ 47680 evals] best 0.0138107 (fails 5) via level_fix noop
[ 47840 evals] best 0.0138145 (fails 5) via undivide 0/rlrr
[ 48640 evals] best 0.0138336 (fails 5) via level_compound_fix noop
[ 48880 evals] best 0.0138385 (fails 5) via level_retype noop
[ 49360 evals] best 0.0138602 (fails 5) via level_fix noop
[ 49440 evals] best 0.0138796 (fails 5) via core_undivide noop
[ 50160 evals] best 0.0138939 (fails 5) via retype 0/rrrlr->ph1
[ 50320 evals] best 0.0139093 (fails 5) via level_fix noop
[ 51280 evals] best 0.01392 (fails 5) via level_fix noop
[ 52320 evals] best 0.0139425 (fails 5) via level_compound_fix noop
[ 52320 evals] checkpoint -> coldstart-500000-s1.dom.checkpoint (5 fails)
[ 52880 evals] best 0.0139638 (fails 5) via core_undivide noop
[ 53840 evals] best 0.0148581 (fails 5) via undivide 0/lllr
[ 54960 evals] best 0.0150659 (fails 5) via undivide 0/rllr
[ 55840 evals] best 0.0151121 (fails 5) via crossover rrlrl<->lrlrr
[ 56960 evals] best 0.0151201 (fails 5) via core_undivide noop
[ 57840 evals] best 0.0151272 (fails 5) via level_compound_fix noop
[ 58720 evals] best 0.0151302 (fails 5) via retype 0/rrrlr->ph1
[ 60160 evals] best 0.0151327 (fails 5) via core_divide noop
[ 60400 evals] best 0.0151339 (fails 5) via level_fix noop
[ 61600 evals] best 0.0151356 (fails 5) via level_compound_fix noop
[ 62880 evals] best 0.0151371 (fails 5) via level_fix noop
[ 63520 evals] best 0.0151405 (fails 5) via level_retype noop
[ 64320 evals] best 0.0151623 (fails 5) via core_divide noop
[ 65920 evals] best 0.0151729 (fails 5) via core_undivide noop
[ 67840 evals] best 0.0151777 (fails 5) via level_retype noop
[ 67920 evals] best 0.0151785 (fails 5) via level_compound_fix noop
[ 69040 evals] best 0.0151795 (fails 5) via core_divide noop
[ 82800 evals] best 0.0151801 (fails 5) via level_compound_fix noop
[ 82800 evals] checkpoint -> coldstart-500000-s1.dom.checkpoint (5 fails)
[151440 evals] best 0.0151845 (fails 5) via retype 0/rlrlr->rc1
[151440 evals] checkpoint -> coldstart-500000-s1.dom.checkpoint (5 fails)
[153680 evals] best 0.029891 (fails 4) via rotate 0/rlr
[153920 evals] best 0.0298932 (fails 4) via retype 0/lrlllr->dp1
[167920 evals] best 0.0313432 (fails 4) via undivide 0/llrl
[170240 evals] best 0.0313606 (fails 4) via level_compound_fix noop
[176800 evals] best 0.0313797 (fails 4) via retype 0/lrllrl->dp1
[176800 evals] checkpoint -> coldstart-500000-s1.dom.checkpoint (4 fails)
[178720 evals] best 0.0313918 (fails 4) via level_retype noop
[181120 evals] best 0.0313989 (fails 4) via retype 0/lrllll->kt1
[189440 evals] best 0.0578056 (fails 3) via level_retype noop
[190320 evals] best 0.0579513 (fails 3) via level_retype noop
[190640 evals] best 0.0580765 (fails 3) via level_compound_fix noop
[192400 evals] best 0.0581743 (fails 3) via level_delete noop
[192640 evals] best 0.0582446 (fails 3) via level_retype noop
[194320 evals] best 0.0582841 (fails 3) via core_undivide noop
[225760 evals] best 0.0584536 (fails 3) via rotate 0/lrlll
[225760 evals] checkpoint -> coldstart-500000-s1.dom.checkpoint (3 fails)
[226880 evals] best 0.058518 (fails 3) via retype 0/rrrll->t9
[364400 evals] best 0.116145 (fails 2) via crossover lrllll<->llllr
[364400 evals] checkpoint -> coldstart-500000-s1.dom.checkpoint (2 fails)
[365120 evals] best 0.116264 (fails 2) via core_divide noop
[367120 evals] best 0.116382 (fails 2) via core_undivide noop
[371200 evals] best 0.116475 (fails 2) via retype 0/rlrlr->ms1
[373600 evals] best 0.116538 (fails 2) via level_compound_fix noop
[374720 evals] best 0.116626 (fails 2) via level_retype noop
[375040 evals] best 0.116677 (fails 2) via level_retype noop
[375200 evals] best 0.116696 (fails 2) via core_undivide noop
[376480 evals] best 0.116704 (fails 2) via retype 0/lrlllll->br1
[407040 evals] best 0.116728 (fails 2) via retype 0/lrrll->zt1
[407040 evals] checkpoint -> coldstart-500000-s1.dom.checkpoint (2 fails)
[426640 evals] best 0.11673 (fails 2) via rotate 0/rlrl
[446320 evals] best 0.117469 (fails 2) via rotate 0/lrrl
[446320 evals] checkpoint -> coldstart-500000-s1.dom.checkpoint (2 fails)

--- finishing (homemaker-py-3l6): unfold + polish 250000 evals ---
[finish] unfold: materialised 2 shared-leaf copies
[   200 evals] best 0.000110139 (fails 12) via seed
[   280 evals] best 0.000110507 (fails 12) via level_retype noop
[   600 evals] best 0.000111118 (fails 12) via level_compound_fix noop
[   680 evals] best 0.000111827 (fails 12) via level_fix noop
[   840 evals] best 0.000909379 (fails 9) via undivide 0/rrrll
[  1320 evals] best 0.000916703 (fails 9) via level_retype noop
[  1560 evals] best 0.000918785 (fails 9) via crossover rrlll<->lrllrr
[  4600 evals] best 0.000919169 (fails 9) via core_divide noop
[  5080 evals] best 0.00185377 (fails 8) via core_divide noop
[  5880 evals] best 0.0018538 (fails 8) via level_fix noop
[  8520 evals] best 0.00370807 (fails 7) via undivide 0/rrllr
[  9480 evals] best 0.00370846 (fails 7) via level_compound_fix noop
[ 21720 evals] best 0.029558 (fails 4) via undivide 0/lrrlr
[ 24680 evals] best 0.0295585 (fails 4) via level_retype noop
[ 25240 evals] best 0.029566 (fails 4) via level_fix noop
[ 26920 evals] best 0.0295664 (fails 4) via level_compound_fix noop
[167400 evals] best 0.0295666 (fails 4) via retype 0/rlrlr->br1

--- collapse (homemaker-py-94g): finish-time cell→room relabel ---
[finish] collapse: 75 → 4 fails (applied)

--- done ---
elapsed      : 133280.3s
evals        : 750040 across 9374 topologies
best         : 0.0295666 (4 fails) via retype 0/rlrlr->br1+collapse

improvement history:
  [    80] 4.87421e-08  (share:construct/0)
  [  1680] 9.94085e-08  (share:divide 0/rrrlr)
  [  1760] 2.01525e-07  (share:crossover llrrl<->lrrrr)
  [  3280] 2.04692e-07  (share:divide 0/rrllr)
  [  4880] 4.11071e-07  (share:level_fix noop)
  [  5440] 4.12976e-07  (share:level_retype noop)
  [  6880] 4.14572e-07  (share:core_divide noop)
  [  8000] 4.16006e-07  (share:core_undivide noop)
  [  8800] 4.19522e-07  (share:level_retype noop)
  [ 10880] 4.25384e-07  (share:crossover lrrl<->rrrl)
  [ 11200] 4.26559e-07  (share:crossover lllll<->rrlr)
  [ 11280] 4.2737e-07  (share:level_retype noop)
  [ 11520] 4.28752e-07  (share:swap 0/lrrl)
  [ 13520] 4.35797e-07  (share:core_divide noop)
  [ 13760] 8.03425e-07  (share:crossover llrrl<->lrlrr)
  [ 14000] 8.05739e-07  (share:level_compound_fix noop)
  [ 14240] 8.08511e-07  (share:level_retype noop)
  [ 14560] 8.89269e-07  (share:undivide 0/llrr)
  [ 15920] 3.56601e-06  (share:retype 0/rlrll->ph1)
  [ 19120] 5.55264e-06  (share:divide 0/rlllr)
  [ 19280] 7.18565e-06  (share:level_retype noop)
  [ 20080] 5.77844e-05  (share:crossover rllrr<->llrll)
  [ 20160] 5.80435e-05  (share:level_compound_fix noop)
  [ 20560] 5.82104e-05  (share:level_retype noop)
  [ 21280] 5.83403e-05  (share:level_compound_fix noop)
  [ 21360] 5.84685e-05  (share:level_retype noop)
  [ 22320] 5.85897e-05  (share:level_retype noop)
  [ 22800] 0.000204407  (share:divide 0/rllll)
  [ 27200] 0.00039918  (share:level_retype noop)
  [ 28160] 0.000400154  (share:level_compound_fix noop)
  [ 28800] 0.000400999  (share:core_undivide noop)
  [ 31840] 0.000401727  (share:level_compound_fix noop)
  [ 34320] 0.000402415  (share:crossover rlrlr<->lrrlr)
  [ 35040] 0.000857728  (share:crossover lrll<->lrl)
  [ 37120] 0.00166282  (share:crossover llrrr<->rllrl)
  [ 38000] 0.00167425  (share:level_retype noop)
  [ 38080] 0.00167954  (share:undivide 0/llrr)
  [ 38640] 0.00168457  (share:level_compound_fix noop)
  [ 38720] 0.00180087  (share:undivide 0/rlrl)
  [ 40000] 0.00182608  (share:core_undivide noop)
  [ 40400] 0.0135761  (share:undivide 0/rrrr)
  [ 42400] 0.0136283  (share:core_divide noop)
  [ 44320] 0.0136659  (share:level_retype noop)
  [ 45520] 0.0137053  (share:core_undivide noop)
  [ 47280] 0.013786  (share:crossover lrlrl<->rrrlr)
  [ 47680] 0.0138107  (share:level_fix noop)
  [ 47840] 0.0138145  (share:undivide 0/rlrr)
  [ 48640] 0.0138336  (share:level_compound_fix noop)
  [ 48880] 0.0138385  (share:level_retype noop)
  [ 49360] 0.0138602  (share:level_fix noop)
  [ 49440] 0.0138796  (share:core_undivide noop)
  [ 50160] 0.0138939  (share:retype 0/rrrlr->ph1)
  [ 50320] 0.0139093  (share:level_fix noop)
  [ 51280] 0.01392  (share:level_fix noop)
  [ 52320] 0.0139425  (share:level_compound_fix noop)
  [ 52880] 0.0139638  (share:core_undivide noop)
  [ 53840] 0.0148581  (share:undivide 0/lllr)
  [ 54960] 0.0150659  (share:undivide 0/rllr)
  [ 55840] 0.0151121  (share:crossover rrlrl<->lrlrr)
  [ 56960] 0.0151201  (share:core_undivide noop)
  [ 57840] 0.0151272  (share:level_compound_fix noop)
  [ 58720] 0.0151302  (share:retype 0/rrrlr->ph1)
  [ 60160] 0.0151327  (share:core_divide noop)
  [ 60400] 0.0151339  (share:level_fix noop)
  [ 61600] 0.0151356  (share:level_compound_fix noop)
  [ 62880] 0.0151371  (share:level_fix noop)
  [ 63520] 0.0151405  (share:level_retype noop)
  [ 64320] 0.0151623  (share:core_divide noop)
  [ 65920] 0.0151729  (share:core_undivide noop)
  [ 67840] 0.0151777  (share:level_retype noop)
  [ 67920] 0.0151785  (share:level_compound_fix noop)
  [ 69040] 0.0151795  (share:core_divide noop)
  [ 82800] 0.0151801  (share:level_compound_fix noop)
  [151440] 0.0151845  (share:retype 0/rlrlr->rc1)
  [153680] 0.029891  (share:rotate 0/rlr)
  [153920] 0.0298932  (share:retype 0/lrlllr->dp1)
  [167920] 0.0313432  (share:undivide 0/llrl)
  [170240] 0.0313606  (share:level_compound_fix noop)
  [176800] 0.0313797  (share:retype 0/lrllrl->dp1)
  [178720] 0.0313918  (share:level_retype noop)
  [181120] 0.0313989  (share:retype 0/lrllll->kt1)
  [189440] 0.0578056  (share:level_retype noop)
  [190320] 0.0579513  (share:level_retype noop)
  [190640] 0.0580765  (share:level_compound_fix noop)
  [192400] 0.0581743  (share:level_delete noop)
  [192640] 0.0582446  (share:level_retype noop)
  [194320] 0.0582841  (share:core_undivide noop)
  [225760] 0.0584536  (share:rotate 0/lrlll)
  [226880] 0.058518  (share:retype 0/rrrll->t9)
  [364400] 0.116145  (share:crossover lrllll<->llllr)
  [365120] 0.116264  (share:core_divide noop)
  [367120] 0.116382  (share:core_undivide noop)
  [371200] 0.116475  (share:retype 0/rlrlr->ms1)
  [373600] 0.116538  (share:level_compound_fix noop)
  [374720] 0.116626  (share:level_retype noop)
  [375040] 0.116677  (share:level_retype noop)
  [375200] 0.116696  (share:core_undivide noop)
  [376480] 0.116704  (share:retype 0/lrlllll->br1)
  [407040] 0.116728  (share:retype 0/lrrll->zt1)
  [426640] 0.11673  (share:rotate 0/rlrl)
  [446320] 0.117469  (share:rotate 0/lrrl)
  [500200] 0.000110139  (polish:seed)
  [500280] 0.000110507  (polish:level_retype noop)
  [500600] 0.000111118  (polish:level_compound_fix noop)
  [500680] 0.000111827  (polish:level_fix noop)
  [500840] 0.000909379  (polish:undivide 0/rrrll)
  [501320] 0.000916703  (polish:level_retype noop)
  [501560] 0.000918785  (polish:crossover rrlll<->lrllrr)
  [504600] 0.000919169  (polish:core_divide noop)
  [505080] 0.00185377  (polish:core_divide noop)
  [505880] 0.0018538  (polish:level_fix noop)
  [508520] 0.00370807  (polish:undivide 0/rrllr)
  [509480] 0.00370846  (polish:level_compound_fix noop)
  [521720] 0.029558  (polish:undivide 0/lrrlr)
  [524680] 0.0295585  (polish:level_retype noop)
  [525240] 0.029566  (polish:level_fix noop)
  [526920] 0.0295664  (polish:level_compound_fix noop)
  [667400] 0.0295666  (polish:retype 0/rlrlr->br1)
written      : /home/bruno/src/homemaker-layout/examples/health-centre/coldstart-500000-s1.dom
