seed         : /home/bruno/src/homemaker-layout/examples/health-centre/init.dom
programme    : health-centre
budget       : 500000
pop          : 16
child_budget : 80
workers      : 1
rng seed     : 2
leaf sharing : True (factor=3)
superpose    : False
multi_use    : False
conn grade   : False
use tiers    : False
bridge circulation : False
ruin recreate      : False
collapse in-search : True
shapecurve warmstart : False
shapecurve prune     : False
output       : /home/bruno/src/homemaker-layout/examples/health-centre/coldstart-500000-s2.dom
[    80 evals] best 3.04007e-12 (fails 28) via construct/0
[   160 evals] best 7.74528e-12 (fails 28) via construct/1
[   240 evals] best 1.27278e-10 (fails 25) via construct/2
[  1040 evals] best 2.05075e-09 (fails 19) via construct/12
[  2080 evals] best 4.22403e-09 (fails 18) via rotate 0/lrrl
[  3120 evals] best 1.23776e-08 (fails 18) via undivide 0/lrrr
[  3760 evals] best 1.39455e-08 (fails 18) via level_retype noop
[  4800 evals] best 1.59195e-08 (fails 18) via level_fix noop
[  4880 evals] best 1.78293e-08 (fails 18) via undivide 0/lrll
[  4960 evals] best 2.07039e-08 (fails 18) via core_divide noop
[  5440 evals] best 2.26527e-08 (fails 18) via rotate 0/rlrr
[  6160 evals] best 2.28963e-08 (fails 18) via core_undivide noop
[  7280 evals] best 2.60466e-08 (fails 18) via level_compound_fix noop
[  8000 evals] best 2.66315e-08 (fails 18) via core_undivide noop
[  8640 evals] best 4.07528e-08 (fails 16) via crossover rlrrr<->rrrl
[  9840 evals] best 4.73414e-08 (fails 16) via core_undivide noop
[  9920 evals] best 4.98649e-08 (fails 16) via core_undivide noop
[ 11280 evals] best 5.22342e-08 (fails 16) via core_undivide noop
[ 11760 evals] best 5.44617e-08 (fails 16) via core_undivide noop
[ 13760 evals] best 2.18035e-07 (fails 14) via rotate 0/lllr
[ 14000 evals] best 2.27326e-07 (fails 14) via level_retype noop
[ 15840 evals] best 2.37305e-07 (fails 14) via rotate 0/lrll
[ 16320 evals] best 2.47589e-07 (fails 14) via rotate 0/lrrl
[ 16640 evals] best 2.57045e-07 (fails 14) via level_fix noop
[ 17600 evals] best 2.66584e-07 (fails 14) via core_undivide noop
[ 17760 evals] best 2.75666e-07 (fails 14) via crossover rrrll<->lllrr
[ 18000 evals] best 2.85305e-07 (fails 14) via level_fix noop
[ 18080 evals] best 2.95039e-07 (fails 14) via swap 0/lllr
[ 19520 evals] best 3.04447e-07 (fails 14) via core_undivide noop
[ 20160 evals] best 3.1362e-07 (fails 14) via crossover lllrl<->rrlll
[ 21760 evals] best 2.18239e-07 (fails 13) via retype 0/lrllr->O
[ 22080 evals] best 2.49021e-07 (fails 13) via swap 0/lllr
[ 22240 evals] best 2.73668e-07 (fails 13) via level_fix noop
[ 23120 evals] best 2.86925e-07 (fails 13) via core_undivide noop
[ 23520 evals] best 2.9861e-07 (fails 13) via core_divide noop
[ 25600 evals] best 5.65963e-07 (fails 12) via core_undivide noop
[ 25840 evals] best 5.91044e-07 (fails 12) via core_divide noop
[ 26880 evals] best 6.19759e-07 (fails 12) via core_divide noop
[ 28560 evals] best 6.49777e-07 (fails 12) via retype 0/lllrl->re1
[ 29680 evals] best 6.73724e-07 (fails 12) via core_undivide noop
[ 30160 evals] best 6.91667e-07 (fails 12) via core_undivide noop
[ 32240 evals] best 7.05032e-07 (fails 12) via core_divide noop
[ 35440 evals] best 7.20936e-07 (fails 12) via level_retype noop
[ 36400 evals] best 7.36371e-07 (fails 12) via level_compound_fix noop
[ 37760 evals] best 7.50241e-07 (fails 12) via crossover llrr<->llrr
[ 38560 evals] best 7.86556e-07 (fails 12) via level_fix noop
[ 40880 evals] best 8.21898e-07 (fails 12) via crossover lllrl<->lrrlr
[ 41120 evals] best 8.45967e-07 (fails 12) via swap 0/llrl
[ 41280 evals] best 8.48915e-07 (fails 12) via core_undivide noop
[ 41600 evals] best 2.19176e-06 (fails 12) via crossover lrrl<->rlrrr
[ 41760 evals] best 2.22064e-06 (fails 12) via core_undivide noop
[ 42800 evals] best 2.24919e-06 (fails 12) via crossover rlrll<->rlrll
[ 44160 evals] best 2.25054e-06 (fails 12) via level_fix noop
[ 44320 evals] best 2.26364e-06 (fails 12) via level_retype noop
[ 45840 evals] best 2.31398e-06 (fails 12) via level_compound_fix noop
[ 46080 evals] best 2.39771e-06 (fails 12) via level_compound_fix noop
[ 46400 evals] best 2.40706e-06 (fails 12) via level_compound_fix noop
[ 47120 evals] best 2.42409e-06 (fails 12) via swap 0/rlrl
[ 52720 evals] best 2.46086e-06 (fails 12) via level_retype noop
[ 53520 evals] best 2.46716e-06 (fails 12) via core_divide noop
[ 56720 evals] best 3.3283e-06 (fails 12) via crossover rllrl<->llrrr
[ 58320 evals] best 3.33649e-06 (fails 12) via swap 0/lrlr
[ 59280 evals] best 3.36563e-06 (fails 12) via core_undivide noop
[ 59920 evals] best 3.37434e-06 (fails 12) via level_retype noop
[ 61520 evals] best 3.37454e-06 (fails 12) via level_retype noop
[ 73520 evals] best 3.54736e-06 (fails 12) via crossover rrlll<->lrlrl
[ 75760 evals] best 3.7656e-06 (fails 12) via core_divide noop
[ 76880 evals] best 3.83549e-06 (fails 12) via retype 0/lrlrr->mo1
[ 77600 evals] best 3.88306e-06 (fails 12) via level_compound_fix noop
[ 82480 evals] best 5.2071e-06 (fails 12) via undivide 0/rlrrr
[ 83280 evals] best 5.26703e-06 (fails 12) via level_fix noop
[ 86800 evals] best 5.30023e-06 (fails 12) via level_fix noop
[ 90320 evals] best 5.30798e-06 (fails 12) via level_retype noop
[122160 evals] best 3.21459e-05 (fails 9) via rotate 0/rrll
[146560 evals] best 3.24042e-05 (fails 9) via crossover r<->r
[162000 evals] best 3.26798e-05 (fails 9) via rotate 0/lrrl
[166880 evals] best 3.93491e-05 (fails 9) via undivide 0/rlrrr
[167840 evals] best 3.97222e-05 (fails 9) via level_compound_fix noop
[169760 evals] best 3.99788e-05 (fails 9) via retype 0/rrlrr->kt1
[172240 evals] best 4.05111e-05 (fails 9) via retype 0/llrlr->me1
[174560 evals] best 4.05659e-05 (fails 9) via level_compound_fix noop
[175520 evals] best 4.0576e-05 (fails 9) via crossover rrrrl<->llrll
[176240 evals] best 4.05784e-05 (fails 9) via level_retype noop
[180640 evals] best 4.55645e-05 (fails 9) via rotate 0/lrrl
[182800 evals] best 4.72012e-05 (fails 9) via core_divide noop
[184080 evals] best 4.7299e-05 (fails 9) via level_fix noop
[184160 evals] best 4.73067e-05 (fails 9) via core_undivide noop
[184800 evals] best 4.88281e-05 (fails 9) via level_retype noop
[185200 evals] best 4.88309e-05 (fails 9) via level_compound_fix noop
[194880 evals] best 4.88309e-05 (fails 9) via crossover rlrr<->llrl
[199760 evals] best 4.88662e-05 (fails 9) via level_retype noop
[201440 evals] best 4.88717e-05 (fails 9) via level_compound_fix noop
[202240 evals] best 4.88744e-05 (fails 9) via core_undivide noop
[208960 evals] best 4.91615e-05 (fails 9) via rotate 0/lllr
[209840 evals] best 4.9167e-05 (fails 9) via retype 0/rlrlr->br1
[209920 evals] best 4.94457e-05 (fails 9) via level_compound_fix noop
[212640 evals] best 5.03271e-05 (fails 9) via core_divide noop
[212880 evals] best 5.03298e-05 (fails 9) via core_undivide noop
[215200 evals] best 5.82446e-05 (fails 9) via place_missing ph1 -> lrllr
[216320 evals] best 5.85273e-05 (fails 9) via level_fix noop
[216960 evals] best 5.87137e-05 (fails 9) via level_retype noop
[217760 evals] best 6.01725e-05 (fails 9) via level_fix noop
[221760 evals] best 6.05548e-05 (fails 9) via crossover rllrr<->rlrlr
[224080 evals] best 6.07621e-05 (fails 9) via level_compound_fix noop
[225920 evals] best 6.22317e-05 (fails 9) via crossover lrrlr<->rlrrl
[277520 evals] best 9.80017e-05 (fails 8) via crossover rlll<->llll
[278160 evals] best 9.94913e-05 (fails 8) via crossover rrrlr<->rrrlr
[290880 evals] best 0.000119142 (fails 8) via place_missing ao1 -> rlllr
[294240 evals] best 0.000120131 (fails 8) via level_compound_fix noop
[296240 evals] best 0.000136504 (fails 8) via level_retype noop
[296400 evals] best 0.000144238 (fails 8) via core_divide noop
[297600 evals] best 0.000148308 (fails 8) via core_divide noop
[298160 evals] best 0.000153088 (fails 8) via retype 0/rrlrl->wa1
[298400 evals] best 0.00015708 (fails 8) via level_fix noop
[298960 evals] best 0.00016023 (fails 8) via level_retype noop
[299120 evals] best 0.000164088 (fails 8) via core_divide noop
[300480 evals] best 0.000161836 (fails 7) via crossover rlrll<->rllrl
[301200 evals] best 0.000165874 (fails 7) via level_compound_fix noop
[304320 evals] best 0.000175611 (fails 7) via retype 0/lllrr->qr1
[306080 evals] best 0.000179641 (fails 7) via core_divide noop
[310880 evals] best 0.000183423 (fails 7) via level_retype noop
[311600 evals] best 0.00020186 (fails 7) via core_undivide noop
[314080 evals] best 0.000206088 (fails 7) via core_undivide noop
[314320 evals] best 0.00020928 (fails 7) via level_fix noop
[315920 evals] best 0.000212285 (fails 7) via core_undivide noop
[316080 evals] best 0.000215156 (fails 7) via core_undivide noop
[316880 evals] best 0.000217485 (fails 7) via crossover rlrll<->lrrlr
[320000 evals] best 0.00021922 (fails 7) via core_divide noop
[321760 evals] best 0.000221004 (fails 7) via crossover rrrll<->llrll
[322480 evals] best 0.000221908 (fails 7) via level_retype noop
[334560 evals] best 0.000222939 (fails 7) via core_divide noop
[336560 evals] best 0.000224675 (fails 7) via level_compound_fix noop
[336720 evals] best 0.000226466 (fails 7) via core_undivide noop
[353600 evals] best 0.000226721 (fails 7) via level_fix noop
[358240 evals] best 0.000228547 (fails 7) via level_fix noop
[358320 evals] best 0.000229603 (fails 7) via level_compound_fix noop
[362480 evals] best 0.000230019 (fails 7) via core_undivide noop
[363920 evals] best 0.000231184 (fails 7) via core_undivide noop
[387040 evals] best 0.000246099 (fails 7) via rotate 0/rrrr
[387120 evals] best 0.000262652 (fails 7) via core_undivide noop
[387200 evals] best 0.000280293 (fails 7) via core_divide noop
[388160 evals] best 0.000298055 (fails 7) via level_compound_fix noop
[389040 evals] best 0.000319938 (fails 7) via core_divide noop
[396640 evals] best 0.000321628 (fails 7) via level_fix noop
[398320 evals] best 0.000323351 (fails 7) via core_divide noop
[406160 evals] best 0.000364098 (fails 7) via undivide 0/rlrl
[406880 evals] best 0.000371359 (fails 7) via undivide 0/rlrl
[407040 evals] best 0.000386031 (fails 7) via level_fix noop
[409520 evals] best 0.000390844 (fails 7) via level_fix noop
[410160 evals] best 0.000533031 (fails 6) via crossover rlrl<->lrllr
[410800 evals] best 0.000594646 (fails 6) via core_divide noop
[411840 evals] best 0.000606993 (fails 6) via level_fix noop
[412480 evals] best 0.000624444 (fails 6) via level_fix noop
[412720 evals] best 0.000639509 (fails 6) via retype 0/rlrrr->ph1
[413680 evals] best 0.000646054 (fails 6) via core_undivide noop
[421040 evals] best 0.000662382 (fails 6) via retype 0/rlllrl->gp1
[421120 evals] best 0.000679955 (fails 6) via level_fix noop
[423120 evals] best 0.000692401 (fails 6) via core_divide noop
[424400 evals] best 0.000694282 (fails 6) via core_undivide noop
[425360 evals] best 0.000710894 (fails 6) via level_compound_fix noop
[426160 evals] best 0.00075164 (fails 6) via core_divide noop
[427760 evals] best 0.00076103 (fails 6) via level_retype noop
[429600 evals] best 0.000769686 (fails 6) via level_fix noop
[430320 evals] best 0.00078154 (fails 6) via core_divide noop
[431440 evals] best 0.00078639 (fails 6) via level_compound_fix noop
