seed         : /home/bruno/src/homemaker-layout/examples/health-centre/init.dom
programme    : health-centre
budget       : 500000
pop          : 16
child_budget : 80
workers      : 1
rng seed     : 0
leaf sharing : True (factor=3)
superpose    : False
multi_use    : False
conn grade   : False
use tiers    : False
bridge circulation : False
ruin recreate      : False
support outside    : True
level add+migrate  : False
repair shaft       : True
collapse in-search : True
shapecurve warmstart : False
shapecurve prune     : False
output       : /home/bruno/src/homemaker-layout/examples/health-centre/coldstart-1a24b6a+orth-500000-s0.dom
[    80 evals] best 5.37787e-08 (fails 22) via construct/0
[   160 evals] best 1.08646e-07 (fails 21) via construct/1
[  3920 evals] best 2.18837e-07 (fails 20) via level_retype noop
[  4160 evals] best 2.31941e-07 (fails 20) via crossover rlrl<->rrll
[  4400 evals] best 4.54912e-07 (fails 19) via core_undivide noop
[  4480 evals] best 4.69575e-07 (fails 19) via retype 0/lllrr->dp1
[  4560 evals] best 4.79907e-07 (fails 19) via level_fix noop
[  5120 evals] best 4.88439e-07 (fails 19) via support_outside noop
[  6240 evals] best 5.02422e-07 (fails 19) via crossover r<->r
[  6320 evals] best 1.45634e-06 (fails 17) via swap 0/rlll
[  8080 evals] best 3.20126e-06 (fails 16) via core_divide noop
[  9120 evals] best 3.26327e-06 (fails 16) via repair_shaft noop (single storey)
[  9760 evals] best 3.32578e-06 (fails 16) via core_divide noop
[  9840 evals] best 3.38418e-06 (fails 16) via support_outside noop
[ 12320 evals] best 3.44659e-06 (fails 16) via core_undivide noop
[ 12880 evals] best 3.50559e-06 (fails 16) via level_compound_fix noop
[ 13360 evals] best 3.56391e-06 (fails 16) via level_compound_fix noop
[ 13600 evals] best 3.6166e-06 (fails 16) via crossover lrllr<->llrrl
[ 14560 evals] best 3.6735e-06 (fails 16) via level_retype noop
[ 17200 evals] best 3.73599e-06 (fails 16) via retype 0/rrrlr->re1
[ 18560 evals] best 3.79738e-06 (fails 16) via level_fix noop
[ 18960 evals] best 3.83e-06 (fails 16) via level_fix noop
[ 19440 evals] best 1.61947e-05 (fails 14) via rotate 0/lrrl
[ 20240 evals] best 3.14893e-05 (fails 13) via swap 0/rrl
[ 22080 evals] best 3.20223e-05 (fails 13) via level_fix noop
[ 22800 evals] best 9.29489e-05 (fails 12) via retype 0/lrrll->O
[ 24720 evals] best 9.44928e-05 (fails 12) via level_delete noop
[ 24880 evals] best 0.000341449 (fails 10) via crossover lrlrl<->rrrrl
[ 26080 evals] best 0.000344307 (fails 10) via support_outside noop
[ 26080 evals] checkpoint -> coldstart-1a24b6a+orth-500000-s0.dom.checkpoint (10 fails)
[ 26160 evals] best 0.000346567 (fails 10) via support_outside noop
[ 28800 evals] best 0.000347145 (fails 10) via level_compound_fix noop
[ 30320 evals] best 0.000347742 (fails 10) via repair_shaft noop (single storey)
[ 30480 evals] best 0.000696631 (fails 9) via core_undivide noop
[ 35440 evals] best 0.000698355 (fails 9) via core_undivide noop
[ 38240 evals] best 0.00134492 (fails 8) via support_outside noop
[ 38720 evals] best 0.00134919 (fails 8) via crossover rrrll<->lrlll
[ 38800 evals] best 0.00135151 (fails 8) via level_delete noop
[ 46240 evals] best 0.00229441 (fails 7) via crossover rlll<->rllrl
[ 50320 evals] best 0.00229807 (fails 7) via repair_shaft noop (single storey)
[ 51200 evals] best 0.00541666 (fails 6) via rotate 0/lrll
[ 51200 evals] checkpoint -> coldstart-1a24b6a+orth-500000-s0.dom.checkpoint (6 fails)
[ 70000 evals] best 0.0100137 (fails 5) via crossover lrlll<->llrr
[ 71120 evals] best 0.010041 (fails 5) via level_retype noop
[ 73200 evals] best 0.0100552 (fails 5) via core_divide noop
[101200 evals] best 0.0100886 (fails 5) via rotate 0/lrlll
[101200 evals] checkpoint -> coldstart-1a24b6a+orth-500000-s0.dom.checkpoint (5 fails)
[104160 evals] best 0.0101499 (fails 5) via core_divide noop
[104960 evals] best 0.0102847 (fails 5) via level_retype noop
[105280 evals] best 0.0103748 (fails 5) via retype 0/lllll->ph1
[105600 evals] best 0.0104462 (fails 5) via core_undivide noop
[105840 evals] best 0.0105186 (fails 5) via level_retype noop
[106400 evals] best 0.0105339 (fails 5) via core_divide noop
[109600 evals] best 0.0105487 (fails 5) via level_retype noop
[109760 evals] best 0.0105544 (fails 5) via core_divide noop
[112480 evals] best 0.0105548 (fails 5) via level_fix noop
[114480 evals] best 0.010565 (fails 5) via crossover lrrrl<->lrlrr
[129280 evals] best 0.0121168 (fails 5) via crossover lrlrl<->rrrrr
[129280 evals] checkpoint -> coldstart-1a24b6a+orth-500000-s0.dom.checkpoint (5 fails)
[130320 evals] best 0.0121457 (fails 5) via level_delete noop
[199680 evals] best 0.0130923 (fails 5) via crossover rrrr<->lrrll
[199680 evals] checkpoint -> coldstart-1a24b6a+orth-500000-s0.dom.checkpoint (5 fails)
[200720 evals] best 0.0131173 (fails 5) via core_undivide noop
[237121 evals] best 0.013137 (fails 5) via undivide 0/lrrl
[237121 evals] checkpoint -> coldstart-1a24b6a+orth-500000-s0.dom.checkpoint (5 fails)
[239921 evals] best 0.0131957 (fails 5) via support_outside noop
[374401 evals] best 0.0132451 (fails 5) via crossover rlrlr<->llll
[374401 evals] checkpoint -> coldstart-1a24b6a+orth-500000-s0.dom.checkpoint (5 fails)
[376401 evals] best 0.0133653 (fails 5) via crossover lllll<->rrllr
[377441 evals] best 0.0134082 (fails 5) via level_compound_fix noop
[377681 evals] best 0.0134267 (fails 5) via support_outside noop
[380801 evals] best 0.0134342 (fails 5) via level_fix noop
[387361 evals] best 0.0134367 (fails 5) via level_delete noop
[392961 evals] best 0.0134432 (fails 5) via swap 0/rlrlr
[399601 evals] best 0.0134595 (fails 5) via retype 0/rrlrl->mo1
[399601 evals] checkpoint -> coldstart-1a24b6a+orth-500000-s0.dom.checkpoint (5 fails)
[404961 evals] best 0.0143958 (fails 5) via swap 0/llll
[406641 evals] best 0.0144656 (fails 5) via core_divide noop
[409921 evals] best 0.0145281 (fails 5) via level_compound_fix noop
[413521 evals] best 0.0145806 (fails 5) via level_retype noop
[414481 evals] best 0.0146159 (fails 5) via level_fix noop
[414881 evals] best 0.0146317 (fails 5) via support_outside noop
[416481 evals] best 0.0146343 (fails 5) via level_retype noop
[428321 evals] best 0.0147126 (fails 5) via level_compound_fix noop
[428321 evals] checkpoint -> coldstart-1a24b6a+orth-500000-s0.dom.checkpoint (5 fails)
[432001 evals] best 0.01478 (fails 5) via core_divide noop
[432561 evals] best 0.0148921 (fails 5) via crossover lrllll<->lrllll
[440081 evals] best 0.0148931 (fails 5) via level_compound_fix noop
[455601 evals] best 0.0149082 (fails 5) via rotate 0/lrrr
[455601 evals] checkpoint -> coldstart-1a24b6a+orth-500000-s0.dom.checkpoint (5 fails)
[456081 evals] best 0.0149401 (fails 5) via repair_shaft noop (single storey)
[457521 evals] best 0.029866 (fails 4) via rotate 0/lrlr
[497202 evals] best 0.0582529 (fails 3) via divide 0/lrllr
[497202 evals] checkpoint -> coldstart-1a24b6a+orth-500000-s0.dom.checkpoint (3 fails)
[498322 evals] best 0.0585311 (fails 3) via crossover rrrlr<->rlrlrr

--- finishing (homemaker-py-3l6): unfold + polish 250000 evals ---
[finish] unfold: materialised 1 shared-leaf copy
[   200 evals] best 0.00361325 (fails 7) via seed
[   280 evals] best 0.00362892 (fails 7) via repair_shaft noop (single storey)
[   440 evals] best 0.00363044 (fails 7) via repair_shaft noop (single storey)
[   760 evals] best 0.00363363 (fails 7) via core_undivide noop
[  1720 evals] best 0.00734204 (fails 6) via crossover rrrl<->rlll
[  6440 evals] best 0.00748132 (fails 6) via crossover rrlll<->rlrr
[  8760 evals] best 0.00748879 (fails 6) via crossover rrllll<->rlrlrr
[  9960 evals] best 0.00750226 (fails 6) via core_undivide noop
[ 10040 evals] best 0.0075259 (fails 6) via repair_shaft noop (single storey)
[ 11720 evals] best 0.00754414 (fails 6) via level_retype noop
[ 12280 evals] best 0.00755504 (fails 6) via repair_shaft noop (single storey)
[ 13000 evals] best 0.00756094 (fails 6) via level_compound_fix noop
[ 13320 evals] best 0.00756431 (fails 6) via core_undivide noop
[ 13960 evals] best 0.0150559 (fails 5) via retype 0/rllrl->kt1
[ 15320 evals] best 0.0150895 (fails 5) via level_compound_fix noop
[ 16920 evals] best 0.0151291 (fails 5) via support_outside noop
[ 18280 evals] best 0.0151834 (fails 5) via level_retype noop
[ 21480 evals] best 0.0152293 (fails 5) via repair_shaft noop (single storey)
[ 22440 evals] best 0.0152321 (fails 5) via level_compound_fix noop
[ 22760 evals] best 0.061529 (fails 3) via crossover lrlrr<->lrlrrr
[ 23080 evals] best 0.0615588 (fails 3) via support_outside noop
[ 23720 evals] best 0.0615621 (fails 3) via support_outside noop
[ 24440 evals] best 0.0616638 (fails 3) via crossover lrlrr<->lrllrl
[ 25000 evals] best 0.0618218 (fails 3) via retype 0/lrllrr->t10
[ 25240 evals] best 0.0620442 (fails 3) via core_divide noop
[ 26280 evals] best 0.0622275 (fails 3) via core_divide noop
[ 26360 evals] best 0.0622396 (fails 3) via support_outside noop
[ 30840 evals] best 0.0624675 (fails 3) via swap 0/rlrlr
[ 96841 evals] best 0.0625476 (fails 3) via swap 0/rlrlr
[ 97481 evals] best 0.0626823 (fails 3) via level_compound_fix noop
[ 99081 evals] best 0.0627058 (fails 3) via crossover rlll<->lrllll
[169721 evals] best 0.0631588 (fails 3) via rotate 0/rrlll

--- collapse (homemaker-py-94g): finish-time cell→room relabel ---
[finish] collapse: 74 → 3 fails (applied)

--- done ---
elapsed      : 37017.7s
evals        : 750044 across 9378 topologies
best         : 0.0636023 (3 fails) via rotate 0/rrlll+collapse

improvement history:
  [    80] 5.37787e-08  (share:construct/0)
  [   160] 1.08646e-07  (share:construct/1)
  [  3920] 2.18837e-07  (share:level_retype noop)
  [  4160] 2.31941e-07  (share:crossover rlrl<->rrll)
  [  4400] 4.54912e-07  (share:core_undivide noop)
  [  4480] 4.69575e-07  (share:retype 0/lllrr->dp1)
  [  4560] 4.79907e-07  (share:level_fix noop)
  [  5120] 4.88439e-07  (share:support_outside noop)
  [  6240] 5.02422e-07  (share:crossover r<->r)
  [  6320] 1.45634e-06  (share:swap 0/rlll)
  [  8080] 3.20126e-06  (share:core_divide noop)
  [  9120] 3.26327e-06  (share:repair_shaft noop (single storey))
  [  9760] 3.32578e-06  (share:core_divide noop)
  [  9840] 3.38418e-06  (share:support_outside noop)
  [ 12320] 3.44659e-06  (share:core_undivide noop)
  [ 12880] 3.50559e-06  (share:level_compound_fix noop)
  [ 13360] 3.56391e-06  (share:level_compound_fix noop)
  [ 13600] 3.6166e-06  (share:crossover lrllr<->llrrl)
  [ 14560] 3.6735e-06  (share:level_retype noop)
  [ 17200] 3.73599e-06  (share:retype 0/rrrlr->re1)
  [ 18560] 3.79738e-06  (share:level_fix noop)
  [ 18960] 3.83e-06  (share:level_fix noop)
  [ 19440] 1.61947e-05  (share:rotate 0/lrrl)
  [ 20240] 3.14893e-05  (share:swap 0/rrl)
  [ 22080] 3.20223e-05  (share:level_fix noop)
  [ 22800] 9.29489e-05  (share:retype 0/lrrll->O)
  [ 24720] 9.44928e-05  (share:level_delete noop)
  [ 24880] 0.000341449  (share:crossover lrlrl<->rrrrl)
  [ 26080] 0.000344307  (share:support_outside noop)
  [ 26160] 0.000346567  (share:support_outside noop)
  [ 28800] 0.000347145  (share:level_compound_fix noop)
  [ 30320] 0.000347742  (share:repair_shaft noop (single storey))
  [ 30480] 0.000696631  (share:core_undivide noop)
  [ 35440] 0.000698355  (share:core_undivide noop)
  [ 38240] 0.00134492  (share:support_outside noop)
  [ 38720] 0.00134919  (share:crossover rrrll<->lrlll)
  [ 38800] 0.00135151  (share:level_delete noop)
  [ 46240] 0.00229441  (share:crossover rlll<->rllrl)
  [ 50320] 0.00229807  (share:repair_shaft noop (single storey))
  [ 51200] 0.00541666  (share:rotate 0/lrll)
  [ 70000] 0.0100137  (share:crossover lrlll<->llrr)
  [ 71120] 0.010041  (share:level_retype noop)
  [ 73200] 0.0100552  (share:core_divide noop)
  [101200] 0.0100886  (share:rotate 0/lrlll)
  [104160] 0.0101499  (share:core_divide noop)
  [104960] 0.0102847  (share:level_retype noop)
  [105280] 0.0103748  (share:retype 0/lllll->ph1)
  [105600] 0.0104462  (share:core_undivide noop)
  [105840] 0.0105186  (share:level_retype noop)
  [106400] 0.0105339  (share:core_divide noop)
  [109600] 0.0105487  (share:level_retype noop)
  [109760] 0.0105544  (share:core_divide noop)
  [112480] 0.0105548  (share:level_fix noop)
  [114480] 0.010565  (share:crossover lrrrl<->lrlrr)
  [129280] 0.0121168  (share:crossover lrlrl<->rrrrr)
  [130320] 0.0121457  (share:level_delete noop)
  [199680] 0.0130923  (share:crossover rrrr<->lrrll)
  [200720] 0.0131173  (share:core_undivide noop)
  [237121] 0.013137  (share:undivide 0/lrrl)
  [239921] 0.0131957  (share:support_outside noop)
  [374401] 0.0132451  (share:crossover rlrlr<->llll)
  [376401] 0.0133653  (share:crossover lllll<->rrllr)
  [377441] 0.0134082  (share:level_compound_fix noop)
  [377681] 0.0134267  (share:support_outside noop)
  [380801] 0.0134342  (share:level_fix noop)
  [387361] 0.0134367  (share:level_delete noop)
  [392961] 0.0134432  (share:swap 0/rlrlr)
  [399601] 0.0134595  (share:retype 0/rrlrl->mo1)
  [404961] 0.0143958  (share:swap 0/llll)
  [406641] 0.0144656  (share:core_divide noop)
  [409921] 0.0145281  (share:level_compound_fix noop)
  [413521] 0.0145806  (share:level_retype noop)
  [414481] 0.0146159  (share:level_fix noop)
  [414881] 0.0146317  (share:support_outside noop)
  [416481] 0.0146343  (share:level_retype noop)
  [428321] 0.0147126  (share:level_compound_fix noop)
  [432001] 0.01478  (share:core_divide noop)
  [432561] 0.0148921  (share:crossover lrllll<->lrllll)
  [440081] 0.0148931  (share:level_compound_fix noop)
  [455601] 0.0149082  (share:rotate 0/lrrr)
  [456081] 0.0149401  (share:repair_shaft noop (single storey))
  [457521] 0.029866  (share:rotate 0/lrlr)
  [497202] 0.0582529  (share:divide 0/lrllr)
  [498322] 0.0585311  (share:crossover rrrlr<->rlrlrr)
  [500202] 0.00361325  (polish:seed)
  [500282] 0.00362892  (polish:repair_shaft noop (single storey))
  [500442] 0.00363044  (polish:repair_shaft noop (single storey))
  [500762] 0.00363363  (polish:core_undivide noop)
  [501722] 0.00734204  (polish:crossover rrrl<->rlll)
  [506442] 0.00748132  (polish:crossover rrlll<->rlrr)
  [508762] 0.00748879  (polish:crossover rrllll<->rlrlrr)
  [509962] 0.00750226  (polish:core_undivide noop)
  [510042] 0.0075259  (polish:repair_shaft noop (single storey))
  [511722] 0.00754414  (polish:level_retype noop)
  [512282] 0.00755504  (polish:repair_shaft noop (single storey))
  [513002] 0.00756094  (polish:level_compound_fix noop)
  [513322] 0.00756431  (polish:core_undivide noop)
  [513962] 0.0150559  (polish:retype 0/rllrl->kt1)
  [515322] 0.0150895  (polish:level_compound_fix noop)
  [516922] 0.0151291  (polish:support_outside noop)
  [518282] 0.0151834  (polish:level_retype noop)
  [521482] 0.0152293  (polish:repair_shaft noop (single storey))
  [522442] 0.0152321  (polish:level_compound_fix noop)
  [522762] 0.061529  (polish:crossover lrlrr<->lrlrrr)
  [523082] 0.0615588  (polish:support_outside noop)
  [523722] 0.0615621  (polish:support_outside noop)
  [524442] 0.0616638  (polish:crossover lrlrr<->lrllrl)
  [525002] 0.0618218  (polish:retype 0/lrllrr->t10)
  [525242] 0.0620442  (polish:core_divide noop)
  [526282] 0.0622275  (polish:core_divide noop)
  [526362] 0.0622396  (polish:support_outside noop)
  [530842] 0.0624675  (polish:swap 0/rlrlr)
  [596843] 0.0625476  (polish:swap 0/rlrlr)
  [597483] 0.0626823  (polish:level_compound_fix noop)
  [599083] 0.0627058  (polish:crossover rlll<->lrllll)
  [669723] 0.0631588  (polish:rotate 0/rrlll)
written      : /home/bruno/src/homemaker-layout/examples/health-centre/coldstart-1a24b6a+orth-500000-s0.dom
