WARNING: 338 m2 per storey needs ~70 m of daylit wall; the plot's non-private perimeter gives 55 m. Roughly 22 m2 of courtyard closes the gap. (DESIGN.md §38.3)
WARNING: 414 m2 is pinned to level 0 by the programme and needs ~85 m of daylit wall, against the 55 m the plot perimeter gives. The ground floor cannot set itself back to buy more, so a square courtyard of roughly 57 m2 (7.5 m a side) is what closes it. (DESIGN.md §39.17)
seed         : /home/bruno/src/homemaker-layout/examples/maple-court/init.dom
programme    : maple-court
budget       : 500000
pop          : 16
child_budget : 80
workers      : 1
rng seed     : 2
leaf sharing : True (factor=3)
superpose    : False
multi_use    : False
conn grade   : False
use tiers    : False
bridge circulation : False
ruin recreate      : False
collapse in-search : True
shapecurve warmstart : False
shapecurve prune     : False
output       : /home/bruno/src/homemaker-layout/examples/maple-court/coldstart-47c604f+orth-500000-s2.dom
[    80 evals] best 7.45053e-39 (fails 120) via construct/0
[   320 evals] best 4.88758e-38 (fails 117) via construct/3
[   480 evals] best 1.66991e-36 (fails 115) via construct/5
[   960 evals] best 2.64226e-36 (fails 115) via construct/11
[  1280 evals] best 2.78823e-36 (fails 112) via construct/15
[  1600 evals] best 2.35469e-35 (fails 109) via level_retype 2/lrll<->1/lrlr
[  2560 evals] best 3.07422e-35 (fails 108) via place_missing r -> lrlr
[  2880 evals] best 3.13434e-35 (fails 108) via retype 2/rrrl->tt
[  3760 evals] best 2.56071e-34 (fails 105) via crossover llrr<->rlrr
[  3920 evals] best 4.3366e-33 (fails 101) via level_fix noop
[  4080 evals] best 2.51352e-31 (fails 95) via place_missing r -> lrlrr
[  5520 evals] best 1.02188e-30 (fails 93) via level_retype 1/rlrl<->0/lllr
[  6080 evals] best 1.04803e-30 (fails 93) via crossover lrlll<->lrrl
[  7600 evals] best 6.75543e-29 (fails 87) via retype 1/llrl->da1
[  8880 evals] best 6.07322e-28 (fails 84) via divide 1/llrr
[  9040 evals] best 6.18008e-28 (fails 84) via retype 2/rllr->ur2
[ 10800 evals] best 1.19284e-27 (fails 83) via place_missing py -> rrrr
[ 11120 evals] best 1.26249e-27 (fails 83) via core_undivide noop
[ 11280 evals] best 2.03182e-26 (fails 79) via place_missing n -> rrrr
[ 12560 evals] best 8.23545e-26 (fails 77) via place_missing em -> rrrr
[ 12880 evals] best 8.34055e-26 (fails 77) via core_undivide noop
[ 13520 evals] best 8.42683e-26 (fails 77) via retype 1/llrrl->ef1
[ 13680 evals] best 8.49024e-26 (fails 77) via core_undivide noop
[ 14240 evals] best 3.43879e-25 (fails 75) via place_missing r -> lrlrrr
[ 14720 evals] best 6.88344e-25 (fails 74) via divide 2/lrlrrrr
[ 17840 evals] best 1.37365e-24 (fails 73) via core_undivide noop
[ 18000 evals] best 1.38544e-24 (fails 73) via crossover rrrlr<->rrrrr
[ 18800 evals] best 2.74729e-24 (fails 72) via swap 0/lll
[ 21360 evals] best 2.17358e-23 (fails 69) via swap 2/lrlrr
[ 25120 evals] best 2.21705e-23 (fails 69) via level_retype 2/llrr<->0/llrr
[ 25120 evals] checkpoint -> coldstart-47c604f+orth-500000-s2.dom.checkpoint (69 fails)
[ 26320 evals] best 4.39344e-23 (fails 68) via crossover rrll<->lrll
[ 29120 evals] best 4.51622e-23 (fails 68) via retype 1/lrrr->q1
[ 30240 evals] best 8.85703e-23 (fails 67) via core_undivide noop
[ 30640 evals] best 3.52881e-22 (fails 65) via rotate 0/rrl
[ 32160 evals] best 3.94273e-22 (fails 65) via swap 0/llr
[ 34960 evals] best 3.97013e-22 (fails 65) via core_undivide noop
[ 35280 evals] best 3.98609e-22 (fails 65) via core_undivide noop
[ 35920 evals] best 4.01725e-22 (fails 65) via crossover lllrr<->rrrlr
[ 36000 evals] best 8.04633e-22 (fails 64) via swap 0/lllr
[ 39840 evals] best 8.09442e-22 (fails 64) via swap 2/lrlrrlr
[ 40240 evals] best 1.36316e-21 (fails 63) via core_undivide noop
[ 41040 evals] best 1.41609e-21 (fails 63) via divide 1/lrrr
[ 42960 evals] best 1.42963e-21 (fails 63) via core_undivide noop
[ 44720 evals] best 1.6218e-21 (fails 63) via level_retype 0/rrrll<->1/llrl
[ 47120 evals] best 1.62656e-21 (fails 63) via core_undivide noop
[ 47680 evals] best 1.64264e-21 (fails 63) via core_undivide noop
[ 47840 evals] best 3.2914e-21 (fails 62) via core_undivide noop
[ 48400 evals] best 6.18817e-21 (fails 61) via core_undivide noop
[ 48960 evals] best 6.22201e-21 (fails 61) via crossover llrl<->rrrlr
[ 56640 evals] best 6.24623e-21 (fails 61) via crossover lrlr<->llr
[ 56640 evals] checkpoint -> coldstart-47c604f+orth-500000-s2.dom.checkpoint (61 fails)
[ 58720 evals] best 6.26724e-21 (fails 61) via rotate 0/rlrl
[ 61120 evals] best 6.28031e-21 (fails 61) via retype 2/llrl->t
[ 61520 evals] best 6.57233e-21 (fails 61) via level_retype 2/rlrl<->1/rrrrr
[ 62480 evals] best 6.7678e-21 (fails 61) via core_undivide noop
[ 68960 evals] best 6.78128e-21 (fails 61) via core_undivide noop
[ 70240 evals] best 6.78891e-21 (fails 61) via retype 2/llrr->gh1
[ 76560 evals] best 6.84274e-21 (fails 61) via swap 0/lrlr
