WARNING: 338 m2 per storey needs ~70 m of daylit wall; the plot's non-private perimeter gives 55 m. Roughly 22 m2 of courtyard closes the gap. (DESIGN.md §38.3)
WARNING: 414 m2 is pinned to level 0 by the programme and needs ~85 m of daylit wall, against the 55 m the plot perimeter gives. The ground floor cannot set itself back to buy more, so a square courtyard of roughly 57 m2 (7.5 m a side) is what closes it. (DESIGN.md §39.17)
seed         : /home/bruno/src/homemaker-layout/examples/maple-court/init.dom
programme    : maple-court
budget       : 500000
pop          : 16
child_budget : 80
workers      : 1
rng seed     : 2
leaf sharing : True (factor=3)
superpose    : False
multi_use    : False
conn grade   : False
use tiers    : False
bridge circulation : False
ruin recreate      : False
collapse in-search : True
shapecurve warmstart : False
shapecurve prune     : False
output       : /home/bruno/src/homemaker-layout/examples/maple-court/coldstart-500000-s2.dom
[    80 evals] best 7.52018e-32 (fails 97) via construct/0
[  1840 evals] best 3.03461e-31 (fails 95) via crossover rlll<->llrll
[  3280 evals] best 6.42462e-31 (fails 94) via core_undivide noop
[  3440 evals] best 6.67059e-30 (fails 93) via place_missing py -> rlrl
[  4000 evals] best 2.70721e-29 (fails 91) via level_fix noop
[  4160 evals] best 2.18209e-28 (fails 88) via swap 2/llrl
[  7280 evals] best 2.2901e-28 (fails 88) via core_undivide noop
[  7360 evals] best 5.20163e-28 (fails 87) via crossover lrrlr<->llrl
[  7520 evals] best 3.89074e-27 (fails 84) via crossover rllll<->rrll
[  9200 evals] best 3.90526e-27 (fails 84) via undivide 0/rlll
[ 10960 evals] best 3.94543e-27 (fails 84) via core_undivide noop
[ 11120 evals] best 3.99269e-27 (fails 84) via place_missing py -> rlrl
[ 11520 evals] best 4.0003e-27 (fails 84) via level_compound_fix noop
[ 12000 evals] best 8.18489e-27 (fails 83) via crossover rlrrr<->rlrrr
[ 12400 evals] best 3.24162e-26 (fails 81) via place_missing em -> rlrr
[ 15120 evals] best 6.43637e-26 (fails 80) via level_retype 0/lrrlrl<->2/llrlr
[ 15200 evals] best 2.19763e-24 (fails 75) via swap 0/rrl
[ 22000 evals] best 1.81949e-23 (fails 72) via level_fix k1: lvl2/llrlr → lvl0/llrr
[ 24880 evals] best 1.829e-23 (fails 72) via crossover lllll<->rllrl
[ 25360 evals] best 3.62613e-23 (fails 71) via crossover lrrlrl<->lllr
[ 25360 evals] checkpoint -> coldstart-500000-s2.dom.checkpoint (71 fails)
[ 26160 evals] best 6.43845e-22 (fails 67) via divide 1/lrrl
[ 26800 evals] best 6.51528e-22 (fails 67) via core_undivide noop
[ 28320 evals] best 1.05773e-20 (fails 63) via crossover llrlr<->rrrr
[ 29280 evals] best 1.07179e-20 (fails 63) via undivide 0/lrrlr
[ 32560 evals] best 2.01471e-20 (fails 62) via crossover lll<->llr
[ 34640 evals] best 2.15481e-20 (fails 62) via retype 0/lllr->ph1
[ 34880 evals] best 2.25534e-20 (fails 62) via core_undivide noop
[ 35280 evals] best 2.2708e-20 (fails 62) via core_undivide noop
[ 36000 evals] best 8.53763e-20 (fails 60) via swap 0/lrrl
[ 36880 evals] best 8.83737e-20 (fails 60) via place_missing r -> rllrr
[ 38400 evals] best 9.46136e-20 (fails 60) via rotate 0/lrrl
[ 43680 evals] best 9.48945e-20 (fails 60) via core_undivide noop
[ 43760 evals] best 1.97374e-19 (fails 59) via divide 1/rllr
[ 47120 evals] best 1.9797e-19 (fails 59) via core_undivide noop
[ 47440 evals] best 4.45555e-19 (fails 58) via rotate 2/llrl
[ 49440 evals] best 4.47989e-19 (fails 58) via retype 0/rlrll->ws1
[ 49920 evals] best 1.67918e-18 (fails 56) via swap 2/llrl
[ 50880 evals] best 1.68714e-18 (fails 56) via core_undivide noop
[ 50880 evals] checkpoint -> coldstart-500000-s2.dom.checkpoint (56 fails)
[ 53040 evals] best 1.6897e-18 (fails 56) via core_undivide noop
[ 55360 evals] best 3.39341e-18 (fails 55) via place_missing t -> lrrlr
[ 55600 evals] best 6.24025e-18 (fails 54) via retype 0/lrrll->da1
[ 56080 evals] best 6.32857e-18 (fails 54) via crossover ll<->ll
[ 58560 evals] best 6.41118e-18 (fails 54) via retype 1/rlrll->ur1
[ 60080 evals] best 1.4115e-17 (fails 53) via core_undivide noop
[ 60720 evals] best 2.81763e-17 (fails 52) via level_retype 2/rlll<->0/lrrlrl
[ 62960 evals] best 3.12757e-17 (fails 52) via swap 0/rrr
[ 63120 evals] best 3.49194e-17 (fails 52) via level_fix ur1: lvl1/rlrll → lvl0/llrr
[ 63840 evals] best 3.49661e-17 (fails 52) via core_undivide noop
[ 65440 evals] best 1.48296e-16 (fails 50) via level_fix ur1: lvl1/rlrll → lvl0/llrr
[ 66160 evals] best 1.48482e-16 (fails 50) via retype 1/rrll->tt
[ 66640 evals] best 1.48664e-16 (fails 50) via level_retype 0/lllll<->1/lrrlr
[ 67760 evals] best 1.48843e-16 (fails 50) via crossover lrrlrl<->llrllr
[ 74480 evals] best 1.48864e-16 (fails 50) via retype 1/lrll->da1
[ 74720 evals] best 1.49043e-16 (fails 50) via divide 2/lrrr
[ 79920 evals] best 1.19075e-15 (fails 47) via retype 0/rlrll->C
[ 79920 evals] checkpoint -> coldstart-500000-s2.dom.checkpoint (47 fails)
[ 81680 evals] best 1.19218e-15 (fails 47) via level_retype 0/rllll<->1/rrll
[ 87840 evals] best 1.19353e-15 (fails 47) via retype 0/llrr->ef1
[ 91200 evals] best 1.19471e-15 (fails 47) via core_undivide noop
[ 94880 evals] best 1.19512e-15 (fails 47) via core_undivide noop
[ 97600 evals] best 1.19569e-15 (fails 47) via core_undivide noop
[101120 evals] best 1.1991e-15 (fails 47) via retype 1/rlllr->li1
[108880 evals] best 1.1998e-15 (fails 47) via level_retype 2/rrrr<->0/rrrl
[108880 evals] checkpoint -> coldstart-500000-s2.dom.checkpoint (47 fails)
[112560 evals] best 1.20031e-15 (fails 47) via crossover llrlll<->llrllr
[114160 evals] best 1.20825e-15 (fails 47) via swap 0/rr
[117840 evals] best 1.25121e-15 (fails 47) via crossover llrr<->llrl
[126320 evals] best 2.36002e-15 (fails 46) via rotate 0/rlr
[128400 evals] best 2.52354e-15 (fails 46) via crossover llll<->rlrl
[129120 evals] best 2.52509e-15 (fails 46) via crossover lrrr<->lrrr
[135280 evals] best 5.04741e-15 (fails 45) via retype 0/rllrl->C
[135280 evals] checkpoint -> coldstart-500000-s2.dom.checkpoint (45 fails)
[145760 evals] best 5.96525e-15 (fails 45) via crossover llllr<->lrrr
[148240 evals] best 2.55399e-14 (fails 43) via crossover lrrr<->lrrlrr
[153200 evals] best 2.55545e-14 (fails 43) via retype 1/rllrl->ur1
[165280 evals] best 1.02672e-13 (fails 41) via undivide 0/rlrr
[165280 evals] checkpoint -> coldstart-500000-s2.dom.checkpoint (41 fails)
[165520 evals] best 1.05688e-13 (fails 41) via retype 0/rlrr->r
[166000 evals] best 1.05968e-13 (fails 41) via level_retype 0/rllrl<->2/rllrl
[172880 evals] best 1.06031e-13 (fails 41) via swap 0/rrl
[173680 evals] best 1.06035e-13 (fails 41) via retype 0/rllll->li1
[175840 evals] best 1.06045e-13 (fails 41) via retype 0/llllr->ur2
[177600 evals] best 2.13392e-13 (fails 40) via undivide 0/rlll
[179040 evals] best 2.14008e-13 (fails 40) via level_retype 0/lrlr<->1/rlrll
[179680 evals] best 2.14212e-13 (fails 40) via swap 1/rlll
[181120 evals] best 2.14424e-13 (fails 40) via undivide 0/rlll
[182240 evals] best 2.16832e-13 (fails 40) via core_undivide noop
[184320 evals] best 2.16988e-13 (fails 40) via swap 0/llr
