WARNING: 338 m2 per storey needs ~70 m of daylit wall; the plot's non-private perimeter gives 55 m. Roughly 22 m2 of courtyard closes the gap. (DESIGN.md §38.3)
WARNING: 414 m2 is pinned to level 0 by the programme and needs ~85 m of daylit wall, against the 55 m the plot perimeter gives. The ground floor cannot set itself back to buy more, so a square courtyard of roughly 57 m2 (7.5 m a side) is what closes it. (DESIGN.md §39.17)
seed         : /home/bruno/src/homemaker-layout/examples/maple-court/init.dom
programme    : maple-court
budget       : 500000
pop          : 16
child_budget : 80
workers      : 1
rng seed     : 1
leaf sharing : True (factor=3)
superpose    : False
multi_use    : False
conn grade   : False
use tiers    : False
bridge circulation : False
ruin recreate      : False
collapse in-search : True
shapecurve warmstart : False
shapecurve prune     : False
output       : /home/bruno/src/homemaker-layout/examples/maple-court/coldstart-500000-s1.dom
[    80 evals] best 4.98998e-42 (fails 131) via construct/0
[   160 evals] best 2.89324e-37 (fails 115) via construct/1
[   480 evals] best 1.06223e-35 (fails 110) via construct/5
[   800 evals] best 1.3167e-34 (fails 110) via construct/9
[  1360 evals] best 4.25495e-35 (fails 108) via rotate 0/rrlr
[  1440 evals] best 1.36428e-33 (fails 103) via place_missing r -> rrrr
[  2160 evals] best 1.37557e-33 (fails 103) via level_fix noop
[  2400 evals] best 5.46079e-33 (fails 101) via place_missing em -> rlll
[  3040 evals] best 5.49048e-33 (fails 101) via rotate 0/rrll
[  3280 evals] best 9.65984e-33 (fails 100) via crossover rllr<->llrlr
[  3360 evals] best 9.69317e-33 (fails 100) via core_divide noop
[  3680 evals] best 5.95702e-31 (fails 98) via core_divide llll (3 floors)
[  5760 evals] best 2.35032e-30 (fails 96) via level_retype 0/lrlll<->1/lrlr
[  7200 evals] best 2.39582e-30 (fails 96) via place_missing t -> lllrr
[  7360 evals] best 4.48776e-30 (fails 95) via swap 0/rrrr
[  7760 evals] best 3.73269e-29 (fails 92) via crossover rrrll<->rlllr
[ 10160 evals] best 7.91669e-29 (fails 91) via core_undivide noop
[ 12560 evals] best 7.97791e-29 (fails 91) via swap 0/lrll
[ 12880 evals] best 8.02098e-29 (fails 91) via crossover rlrlr<->rrll
[ 13760 evals] best 1.59069e-28 (fails 90) via crossover llllr<->rllr
[ 14560 evals] best 1.59783e-28 (fails 90) via retype 0/lrlr->lo1
[ 15680 evals] best 3.00828e-25 (fails 79) via core_undivide noop
[ 17840 evals] best 6.04084e-25 (fails 78) via retype 1/llllr->en1
[ 22240 evals] best 6.05662e-25 (fails 78) via crossover llrlr<->rllr
[ 24880 evals] best 1.21463e-24 (fails 77) via undivide 0/rlrl
[ 31280 evals] best 1.2162e-24 (fails 77) via core_undivide noop
[ 31280 evals] checkpoint -> coldstart-500000-s1.dom.checkpoint (77 fails)
[ 32240 evals] best 1.21962e-24 (fails 77) via core_undivide noop
[ 33200 evals] best 1.22098e-24 (fails 77) via core_undivide noop
[ 34880 evals] best 1.25517e-24 (fails 77) via core_undivide noop
[ 35520 evals] best 2.44421e-24 (fails 76) via undivide 0/rlr
[ 39600 evals] best 2.44694e-24 (fails 76) via core_undivide noop
[ 39760 evals] best 2.44815e-24 (fails 76) via crossover rlllr<->rllr
[ 40960 evals] best 2.4482e-24 (fails 76) via core_undivide noop
[ 48560 evals] best 9.7696e-24 (fails 74) via crossover rrrll<->lllrr
[ 49280 evals] best 1.72313e-24 (fails 73) via crossover llll<->rrrl
[ 84480 evals] best 6.86009e-24 (fails 71) via crossover rrrll<->lllll
[ 84480 evals] checkpoint -> coldstart-500000-s1.dom.checkpoint (71 fails)
[ 85200 evals] best 6.86179e-24 (fails 71) via retype 2/rlll->tt
[ 86320 evals] best 1.22551e-22 (fails 70) via rotate 0/llll
[ 95440 evals] best 1.68024e-22 (fails 70) via crossover rrl<->rrl
[102640 evals] best 3.55289e-22 (fails 69) via retype 2/lrrr->ws1
[104240 evals] best 3.56819e-22 (fails 69) via rotate 0/rlll
[106240 evals] best 3.57514e-22 (fails 69) via crossover lrlr<->llrlr
[108720 evals] best 3.57754e-22 (fails 69) via level_retype 0/lllrl<->2/rlrr
[112560 evals] best 3.57793e-22 (fails 69) via level_retype 1/rllr<->2/llllr
[112560 evals] checkpoint -> coldstart-500000-s1.dom.checkpoint (69 fails)
[118800 evals] best 5.84914e-22 (fails 68) via crossover lllrl<->lrrr
[121680 evals] best 5.85339e-22 (fails 68) via crossover lllll<->lllll
[122800 evals] best 5.85859e-22 (fails 68) via level_retype 0/lrllr<->1/rllr
[128720 evals] best 5.86225e-22 (fails 68) via level_retype 0/rrrll<->1/rrlr
[129440 evals] best 5.87957e-22 (fails 68) via undivide 0/lrrll
[134880 evals] best 5.89553e-22 (fails 68) via undivide 0/lrrll
[143680 evals] best 5.89979e-22 (fails 68) via retype 1/lrrr->n
[143680 evals] checkpoint -> coldstart-500000-s1.dom.checkpoint (68 fails)
[145360 evals] best 5.90345e-22 (fails 68) via retype 1/rllr->ph1
[147680 evals] best 6.11148e-22 (fails 68) via rotate 0/lrl
[147920 evals] best 1.23004e-21 (fails 67) via level_retype 0/rrrll<->1/rrrl
[151360 evals] best 1.23701e-21 (fails 67) via level_retype 0/lllrl<->1/lrlr
[155040 evals] best 1.23852e-21 (fails 67) via retype 0/lrrll->em
[156720 evals] best 1.23863e-21 (fails 67) via retype 0/lrrll->k1
[160960 evals] best 1.23877e-21 (fails 67) via core_undivide noop
[192240 evals] best 1.24123e-21 (fails 67) via crossover rllll<->rllll
[192240 evals] checkpoint -> coldstart-500000-s1.dom.checkpoint (67 fails)
[194400 evals] best 1.24134e-21 (fails 67) via core_undivide noop
[194800 evals] best 1.24148e-21 (fails 67) via level_retype 0/rrrrl<->2/rlrlr
[220560 evals] best 2.48722e-21 (fails 66) via rotate 0/rrrr
[220560 evals] checkpoint -> coldstart-500000-s1.dom.checkpoint (66 fails)
[220960 evals] best 5.52775e-21 (fails 65) via level_retype 0/rrll<->2/lrrl
[221520 evals] best 5.53784e-21 (fails 65) via crossover lrlr<->rrlr
[226240 evals] best 5.67912e-21 (fails 65) via divide 0/rrll
[227520 evals] best 1.07065e-20 (fails 64) via level_fix ut1: lvl0/rrll → lvl2/rlll
[231120 evals] best 1.12948e-20 (fails 64) via rotate 0/lllr
[231760 evals] best 1.1348e-20 (fails 64) via level_compound_fix ut1: lvl0 → lvl2/rlll
[235840 evals] best 4.54318e-20 (fails 62) via undivide 0/rlll
[277920 evals] best 9.36075e-20 (fails 61) via divide 0/rllr
[277920 evals] checkpoint -> coldstart-500000-s1.dom.checkpoint (61 fails)
[278880 evals] best 3.75511e-19 (fails 59) via core_undivide noop
[360560 evals] best 6.72364e-19 (fails 58) via level_retype 0/lrrr<->2/lrll
[360560 evals] checkpoint -> coldstart-500000-s1.dom.checkpoint (58 fails)
[361760 evals] best 7.02457e-19 (fails 58) via rotate 0/rrrr
[386640 evals] best 2.72844e-18 (fails 56) via crossover rlll<->lrll
[386640 evals] checkpoint -> coldstart-500000-s1.dom.checkpoint (56 fails)
[396240 evals] best 2.78736e-18 (fails 56) via level_retype 0/llrlr<->1/lrrr
[398960 evals] best 1.24478e-17 (fails 54) via crossover lrll<->lllr
[437280 evals] best 2.49512e-17 (fails 53) via rotate 0/rrrr
[437280 evals] checkpoint -> coldstart-500000-s1.dom.checkpoint (53 fails)
[443440 evals] best 5.18619e-17 (fails 52) via core_divide rrrr (2 floors)
[462880 evals] best 1.0433e-16 (fails 51) via level_compound_fix ur3: lvl1 → lvl2/rlll
[462880 evals] checkpoint -> coldstart-500000-s1.dom.checkpoint (51 fails)
[465600 evals] best 1.04472e-16 (fails 51) via core_undivide noop
[471600 evals] best 1.04736e-16 (fails 51) via core_undivide noop
[478320 evals] best 1.0483e-16 (fails 51) via retype 2/rlrlr->ur2
[482480 evals] best 1.04981e-16 (fails 51) via core_undivide noop

--- finishing (homemaker-py-3l6): unfold + polish 250000 evals ---
[finish] unfold: materialised 16 shared-leaf copies
[   200 evals] best 2.03313e-25 (fails 80) via seed
[   600 evals] best 5.24109e-25 (fails 79) via core_undivide noop
[  2760 evals] best 5.4516e-25 (fails 79) via level_retype 1/rrll<->0/rrlrl
[  3240 evals] best 5.50008e-25 (fails 79) via core_undivide noop
[  6520 evals] best 5.56255e-25 (fails 79) via crossover rlllr<->rrrll
[  9640 evals] best 5.5796e-25 (fails 79) via rotate 2/rrlrr
[  9800 evals] best 1.11685e-24 (fails 78) via swap 2/rrllr
[ 10760 evals] best 2.25148e-24 (fails 77) via level_fix rc1: lvl2/llrr → lvl0/rlll
[ 17720 evals] best 2.25193e-24 (fails 77) via level_retype 0/rrrll<->2/rlrlr
[ 18360 evals] best 2.25223e-24 (fails 77) via rotate 0/rrrrlr
[ 18680 evals] best 2.25268e-24 (fails 77) via core_undivide noop
[ 22520 evals] best 2.25276e-24 (fails 77) via crossover lrrll<->llrrl
[ 24040 evals] best 2.25279e-24 (fails 77) via retype 1/rrll->py
[ 28280 evals] best 2.2535e-24 (fails 77) via undivide 0/lrll
[ 29320 evals] best 2.25403e-24 (fails 77) via level_retype 2/llrlrl<->0/llrrl
[ 29480 evals] best 2.25477e-24 (fails 77) via core_undivide noop
[ 31400 evals] best 2.25486e-24 (fails 77) via core_undivide noop
[ 31720 evals] best 2.25521e-24 (fails 77) via crossover rrlrrl<->rrrrlrr
[ 33240 evals] best 2.30033e-24 (fails 77) via divide 1/rllr
[ 33640 evals] best 2.30059e-24 (fails 77) via retype 0/lrrlrr->lo1
[ 33960 evals] best 1.83054e-23 (fails 74) via level_fix la1: lvl1/lrrlr → lvl0/rlll
[ 38440 evals] best 1.83118e-23 (fails 74) via core_undivide noop
[ 43320 evals] best 3.6391e-23 (fails 73) via crossover llrrl<->rrllr
[ 44360 evals] best 7.2758e-23 (fails 72) via swap 2/rrlrr
[ 49880 evals] best 1.44463e-22 (fails 71) via retype 0/llrll->gh1
[ 58040 evals] best 2.89606e-22 (fails 70) via core_undivide noop
[ 67800 evals] best 2.91239e-22 (fails 70) via level_retype 2/llllr<->1/llrr
[ 68600 evals] best 2.93657e-22 (fails 70) via core_undivide noop
[ 68680 evals] best 2.94248e-22 (fails 70) via crossover rrrrll<->rrlrrl
[ 70280 evals] best 2.94664e-22 (fails 70) via core_undivide noop
[ 73560 evals] best 2.94934e-22 (fails 70) via crossover llrlr<->llllr
[ 75000 evals] best 2.95094e-22 (fails 70) via retype 0/rrrrll->ur1
[ 75080 evals] best 2.95245e-22 (fails 70) via level_retype 2/llllr<->0/rrlrrr
[ 75400 evals] best 2.95322e-22 (fails 70) via divide 2/rlrlr
[ 81000 evals] best 2.95592e-22 (fails 70) via level_retype 1/rllrr<->2/rrlrrl
[ 82120 evals] best 2.95751e-22 (fails 70) via core_undivide noop
[ 82360 evals] best 2.98347e-22 (fails 70) via swap 0/llrl
[ 82520 evals] best 5.94637e-22 (fails 69) via crossover llrrr<->llrrr
[ 87560 evals] best 5.96959e-22 (fails 69) via core_undivide noop
[ 91880 evals] best 5.97408e-22 (fails 69) via level_retype 2/rllrrr<->1/rllrr
[ 96760 evals] best 5.9952e-22 (fails 69) via crossover rllr<->rrrrlr
[ 97320 evals] best 6.01068e-22 (fails 69) via core_undivide noop
