WARNING: 418 m2 per storey needs ~86 m of daylit wall; the plot's non-private perimeter gives 53 m. Roughly 49 m2 of courtyard closes the gap. (DESIGN.md §38.3)
WARNING: 347 m2 is pinned to level 0 by the programme and needs ~71 m of daylit wall, against the 53 m the plot perimeter gives. The ground floor cannot set itself back to buy more, so a square courtyard of roughly 21 m2 (4.6 m a side) is what closes it. (DESIGN.md §39.17)
seed         : /home/bruno/src/homemaker-layout/examples/harbor-house/init.dom
programme    : harbor-house
budget       : 500000
pop          : 16
child_budget : 80
workers      : 1
rng seed     : 2
leaf sharing : True (factor=3)
superpose    : False
multi_use    : False
conn grade   : False
use tiers    : False
bridge circulation : False
ruin recreate      : False
collapse in-search : True
shapecurve warmstart : False
shapecurve prune     : False
output       : /home/bruno/src/homemaker-layout/examples/harbor-house/coldstart-500000-s2.dom
[    80 evals] best 5.50942e-30 (fails 91) via construct/0
[   240 evals] best 3.94931e-19 (fails 55) via construct/2
[  1840 evals] best 1.61999e-18 (fails 53) via swap 0/rrl
[  2000 evals] best 1.68208e-18 (fails 53) via swap 0/lrll
[  2720 evals] best 3.79633e-18 (fails 52) via crossover lrlr<->lrrll
[  4960 evals] best 3.82047e-18 (fails 52) via level_fix noop
[  5520 evals] best 1.11571e-17 (fails 51) via level_retype 1/rlr<->0/rrrr
[  7280 evals] best 1.1185e-17 (fails 51) via retype 1/rrrl->t
[  9600 evals] best 1.1205e-17 (fails 51) via retype 0/rlrll->t
[ 10320 evals] best 1.1242e-17 (fails 51) via core_divide noop
[ 10560 evals] best 1.12704e-17 (fails 51) via rotate 0/rlr
[ 11200 evals] best 1.44239e-17 (fails 50) via rotate 0/root
[ 13840 evals] best 1.69727e-17 (fails 50) via retype 1/rlll->m
[ 14080 evals] best 1.8431e-17 (fails 50) via rotate 0/lr
[ 15280 evals] best 9.10815e-17 (fails 47) via place_missing r -> llll
[ 16080 evals] best 7.18498e-16 (fails 44) via rotate 0/ll
[ 18640 evals] best 1.4277e-15 (fails 43) via level_fix noop
[ 19840 evals] best 2.04896e-15 (fails 43) via crossover rlr<->lrrlr
[ 20080 evals] best 2.05578e-15 (fails 43) via level_retype 0/lrlll<->1/llrl
[ 22160 evals] best 1.22488e-14 (fails 40) via swap 0/ll
[ 23440 evals] best 1.23737e-14 (fails 40) via level_fix noop
[ 23840 evals] best 1.28194e-14 (fails 40) via swap 0/ll
[ 24720 evals] best 1.29421e-14 (fails 40) via level_compound_fix noop
[ 25040 evals] best 2.68068e-14 (fails 39) via core_divide noop
[ 25040 evals] checkpoint -> coldstart-500000-s2.dom.checkpoint (39 fails)
[ 25280 evals] best 2.69047e-14 (fails 39) via level_fix noop
[ 27760 evals] best 2.69435e-14 (fails 39) via level_fix noop
[ 29120 evals] best 2.69471e-14 (fails 39) via swap 0/lrll
[ 30800 evals] best 2.69531e-14 (fails 39) via core_divide noop
[ 32480 evals] best 2.70739e-14 (fails 39) via undivide 0/rlrl
[ 33600 evals] best 9.85798e-14 (fails 37) via swap 0/rrr
[ 34000 evals] best 9.98458e-14 (fails 37) via retype 0/rrll->li1
[ 34800 evals] best 1.00126e-13 (fails 37) via crossover lrll<->lrll
[ 37120 evals] best 1.1214e-13 (fails 37) via crossover lrlr<->lrrll
[ 37920 evals] best 1.12463e-13 (fails 37) via level_compound_fix noop
[ 39120 evals] best 1.12479e-13 (fails 37) via level_compound_fix noop
[ 39680 evals] best 1.12776e-13 (fails 37) via crossover lll<->lll
[ 40000 evals] best 1.12867e-13 (fails 37) via level_fix noop
[ 41920 evals] best 1.1293e-13 (fails 37) via core_undivide noop
[ 43360 evals] best 1.12981e-13 (fails 37) via retype 1/rlll->ef1
[ 45520 evals] best 2.25853e-13 (fails 36) via rotate 0/rlr
[ 45840 evals] best 2.26132e-13 (fails 36) via core_undivide noop
[ 47360 evals] best 2.26132e-13 (fails 36) via core_undivide noop
[ 51040 evals] best 2.26133e-13 (fails 36) via core_divide noop
[ 51040 evals] checkpoint -> coldstart-500000-s2.dom.checkpoint (36 fails)
[ 56000 evals] best 2.26133e-13 (fails 36) via core_undivide noop
[ 58640 evals] best 2.26133e-13 (fails 36) via level_fix noop
[ 65360 evals] best 4.5734e-13 (fails 35) via rotate 0/rlr
[202640 evals] best 4.57415e-13 (fails 35) via rotate 0/lrrl
[202640 evals] checkpoint -> coldstart-500000-s2.dom.checkpoint (35 fails)
