WARNING: 418 m2 per storey needs ~86 m of daylit wall; the plot's non-private perimeter gives 53 m. Roughly 49 m2 of courtyard closes the gap. (DESIGN.md §38.3)
WARNING: 347 m2 is pinned to level 0 by the programme and needs ~71 m of daylit wall, against the 53 m the plot perimeter gives. The ground floor cannot set itself back to buy more, so a square courtyard of roughly 21 m2 (4.6 m a side) is what closes it. (DESIGN.md §39.17)
seed         : /home/bruno/src/homemaker-layout/examples/harbor-house/init.dom
programme    : harbor-house
budget       : 500000
pop          : 16
child_budget : 80
workers      : 1
rng seed     : 0
leaf sharing : True (factor=3)
superpose    : False
multi_use    : False
conn grade   : False
use tiers    : False
bridge circulation : False
ruin recreate      : False
collapse in-search : True
shapecurve warmstart : False
shapecurve prune     : False
output       : /home/bruno/src/homemaker-layout/examples/harbor-house/coldstart-47c604f+orth-500000-s0.dom
[    80 evals] best 4.1671e-28 (fails 85) via construct/0
[   400 evals] best 1.65284e-27 (fails 84) via construct/4
Traceback (most recent call last):
  File "/home/bruno/.local/bin/homemaker-evolve", line 8, in <module>
    sys.exit(main())
             ~~~~^^
  File "/home/bruno/src/homemaker-layout/src/homemaker_layout/evolve.py", line 426, in main
    r = driver.search(
        seed_root,
    ...<20 lines>...
        log=lambda m: print(m, file=sys.stderr, flush=True),
    )
  File "/home/bruno/src/homemaker-layout/src/homemaker_layout/driver.py", line 685, in search
    _run_batch([_make_seed_task(str(i)) for i in range(pop_size)])
    ~~~~~~~~~~^^^^^^^^^^^^^^^^^^^^^^^^^^^^^^^^^^^^^^^^^^^^^^^^^^^^
  File "/home/bruno/src/homemaker-layout/src/homemaker_layout/driver.py", line 631, in _run_batch
    ind, used = _evaluate(*t)
                ~~~~~~~~~^^^^
  File "/home/bruno/src/homemaker-layout/src/homemaker_layout/driver.py", line 242, in _evaluate
    r = innerloop.optimise(root, programme_dir, x0=x0, budget=budget,
                           conf_overrides=overrides, **inner_kw)
  File "/home/bruno/src/homemaker-layout/src/homemaker_layout/innerloop.py", line 360, in optimise
    result = _METHODS[method](ev, x0, budget=budget, **search_kw)
  File "/home/bruno/src/homemaker-layout/src/homemaker_layout/innerloop.py", line 248, in nm_search
    minimize(
    ~~~~~~~~^
        _f, start, method="Nelder-Mead",
        ^^^^^^^^^^^^^^^^^^^^^^^^^^^^^^^^
        bounds=[(_EPS, 1 - _EPS)] * n,
        ^^^^^^^^^^^^^^^^^^^^^^^^^^^^^^
        options={"maxfev": budget - ev.n_evals, "xatol": 1e-3, "fatol": 1e-10},
        ^^^^^^^^^^^^^^^^^^^^^^^^^^^^^^^^^^^^^^^^^^^^^^^^^^^^^^^^^^^^^^^^^^^^^^^
    )
    ^
  File "/usr/lib64/python3.14/site-packages/scipy/optimize/_minimize.py", line 772, in minimize
    res = _minimize_neldermead(fun, x0, args, callback, bounds=bounds,
                               **options)
  File "/usr/lib64/python3.14/site-packages/scipy/optimize/_optimize.py", line 851, in _minimize_neldermead
    fsim[k] = func(sim[k])
              ~~~~^^^^^^^^
  File "/usr/lib64/python3.14/site-packages/scipy/optimize/_optimize.py", line 560, in function_wrapper
    fx = function(np.copy(x), *(wrapper_args + args))
  File "/home/bruno/src/homemaker-layout/src/homemaker_layout/innerloop.py", line 237, in _f
    sc = ev.evaluate([np.asarray(xi, dtype=float)])[0]
         ~~~~~~~~~~~^^^^^^^^^^^^^^^^^^^^^^^^^^^^^^^
  File "/home/bruno/src/homemaker-layout/src/homemaker_layout/innerloop.py", line 325, in evaluate
    score, fails = self._fit.score_with_fails(root_copy)
                   ~~~~~~~~~~~~~~~~~~~~~~~~~~^^^^^^^^^^^
  File "/home/bruno/src/homemaker-layout/src/homemaker_layout/fitness.py", line 2222, in score_with_fails
    score, fails, _ = self._evaluate_full(root)
                      ~~~~~~~~~~~~~~~~~~~^^^^^^
  File "/home/bruno/src/homemaker-layout/src/homemaker_layout/fitness.py", line 2319, in _evaluate_full
    se = self.process_storey(
        lvl, graph_base[li], li, failures.append,
    ...<3 lines>...
        root=root,
    )
  File "/home/bruno/src/homemaker-layout/src/homemaker_layout/fitness.py", line 2079, in process_storey
    quality, factors = self.evaluate_leaf(leaf, G, level_id, groups, fail)
                       ~~~~~~~~~~~~~~~~~~^^^^^^^^^^^^^^^^^^^^^^^^^^^^^^^^^
  File "/home/bruno/src/homemaker-layout/src/homemaker_layout/fitness.py", line 1609, in evaluate_leaf
    f = self.quality_perpendicular(leaf)
  File "/home/bruno/src/homemaker-layout/src/homemaker_layout/fitness.py", line 1341, in quality_perpendicular
    score *= gaussian(geometry.angle(leaf, i), 1.0, 1.570796, sigma)
                      ~~~~~~~~~~~~~~^^^^^^^^^
  File "/home/bruno/src/homemaker-layout/src/homemaker_layout/geometry.py", line 222, in angle
    return math.acos(max(-1.0, min(1.0, (a * a + b * b - c * c) / (2 * a * b))))
                                        ~~~~~~~~~~~~~~~~~~~~~~~~^~~~~~~~~~~~~
ZeroDivisionError: division by zero
